make[1]: Entering directory '.'
python3 scripts/regress.py
PASS fifo (0.068초)
PASS apb wait=0 seed=1 (0.08초)
PASS tx wait=0 seed=1 (0.071초)
PASS rx wait=0 seed=1 (0.077초)
PASS apb wait=1 seed=1 (0.075초)
PASS tx wait=1 seed=1 (0.074초)
PASS rx wait=1 seed=1 (0.076초)
PASS apb wait=3 seed=1 (0.071초)
PASS tx wait=3 seed=1 (0.071초)
PASS rx wait=3 seed=1 (0.07초)
PASS random wait=0 seed=1 (0.074초)
PASS random wait=1 seed=2 (0.072초)
PASS random wait=3 seed=3 (0.077초)
PASS random wait=0 seed=4 (0.072초)
PASS random wait=1 seed=5 (0.073초)
PASS random wait=3 seed=6 (0.072초)
PASS random wait=0 seed=7 (0.068초)
PASS random wait=1 seed=8 (0.072초)
PASS random wait=3 seed=9 (0.07초)
PASS random wait=0 seed=10 (0.066초)
PASS random wait=1 seed=11 (0.067초)
PASS random wait=3 seed=12 (0.073초)
PASS random wait=0 seed=13 (0.072초)
PASS random wait=1 seed=14 (0.07초)
PASS random wait=3 seed=15 (0.07초)
PASS random wait=0 seed=16 (0.066초)
PASS random wait=1 seed=17 (0.067초)
PASS random wait=3 seed=18 (0.069초)
PASS random wait=0 seed=19 (0.068초)
PASS random wait=1 seed=20 (0.07초)
PASS: 필수 사례 30/30개 통과. 결과 위치: reports/runs/latest
make[1]: Leaving directory '.'
