make[1]: Entering directory '.'
mkdir -p build/wait1-trace0
verilator --binary --timing --assert --coverage  -Wall \
	--top-module tb_top -GWAIT_CYCLES=1 \
	--Mdir build/wait1-trace0 rtl/sync_fifo.sv rtl/uart_tx.sv rtl/uart_rx.sv rtl/apb_uart.sv assertions/apb_uart_assertions.sv tb/tb_top.sv
make[2]: Entering directory 'build/wait1-trace0'
g++ -Os  -I.  -MMD -Ibuild/toolchain/root/usr/share/verilator/include -Ibuild/toolchain/root/usr/share/verilator/include/vltstd -DVM_COVERAGE=1 -DVM_SC=0 -DVM_TIMING=1 -DVM_TRACE=0 -DVM_TRACE_FST=0 -DVM_TRACE_VCD=0 -faligned-new -fcf-protection=none -Wno-bool-operation -Wno-shadow -Wno-sign-compare -Wno-tautological-compare -Wno-uninitialized -Wno-unused-but-set-parameter -Wno-unused-but-set-variable -Wno-unused-parameter -Wno-unused-variable    -DVL_TIME_CONTEXT   -fcoroutines -c -o verilated.o build/toolchain/root/usr/share/verilator/include/verilated.cpp
g++ -Os  -I.  -MMD -Ibuild/toolchain/root/usr/share/verilator/include -Ibuild/toolchain/root/usr/share/verilator/include/vltstd -DVM_COVERAGE=1 -DVM_SC=0 -DVM_TIMING=1 -DVM_TRACE=0 -DVM_TRACE_FST=0 -DVM_TRACE_VCD=0 -faligned-new -fcf-protection=none -Wno-bool-operation -Wno-shadow -Wno-sign-compare -Wno-tautological-compare -Wno-uninitialized -Wno-unused-but-set-parameter -Wno-unused-but-set-variable -Wno-unused-parameter -Wno-unused-variable    -DVL_TIME_CONTEXT   -fcoroutines -c -o verilated_cov.o build/toolchain/root/usr/share/verilator/include/verilated_cov.cpp
g++ -Os  -I.  -MMD -Ibuild/toolchain/root/usr/share/verilator/include -Ibuild/toolchain/root/usr/share/verilator/include/vltstd -DVM_COVERAGE=1 -DVM_SC=0 -DVM_TIMING=1 -DVM_TRACE=0 -DVM_TRACE_FST=0 -DVM_TRACE_VCD=0 -faligned-new -fcf-protection=none -Wno-bool-operation -Wno-shadow -Wno-sign-compare -Wno-tautological-compare -Wno-uninitialized -Wno-unused-but-set-parameter -Wno-unused-but-set-variable -Wno-unused-parameter -Wno-unused-variable    -DVL_TIME_CONTEXT   -fcoroutines -c -o verilated_timing.o build/toolchain/root/usr/share/verilator/include/verilated_timing.cpp
g++ -Os  -I.  -MMD -Ibuild/toolchain/root/usr/share/verilator/include -Ibuild/toolchain/root/usr/share/verilator/include/vltstd -DVM_COVERAGE=1 -DVM_SC=0 -DVM_TIMING=1 -DVM_TRACE=0 -DVM_TRACE_FST=0 -DVM_TRACE_VCD=0 -faligned-new -fcf-protection=none -Wno-bool-operation -Wno-shadow -Wno-sign-compare -Wno-tautological-compare -Wno-uninitialized -Wno-unused-but-set-parameter -Wno-unused-but-set-variable -Wno-unused-parameter -Wno-unused-variable    -DVL_TIME_CONTEXT   -fcoroutines -c -o verilated_threads.o build/toolchain/root/usr/share/verilator/include/verilated_threads.cpp
g++ -Os  -I.  -MMD -Ibuild/toolchain/root/usr/share/verilator/include -Ibuild/toolchain/root/usr/share/verilator/include/vltstd -DVM_COVERAGE=1 -DVM_SC=0 -DVM_TIMING=1 -DVM_TRACE=0 -DVM_TRACE_FST=0 -DVM_TRACE_VCD=0 -faligned-new -fcf-protection=none -Wno-bool-operation -Wno-shadow -Wno-sign-compare -Wno-tautological-compare -Wno-uninitialized -Wno-unused-but-set-parameter -Wno-unused-but-set-variable -Wno-unused-parameter -Wno-unused-variable    -DVL_TIME_CONTEXT   -fcoroutines -x c++-header Vtb_top__pch.h -o Vtb_top__pch.h.fast.gch
g++ -Os  -I.  -MMD -Ibuild/toolchain/root/usr/share/verilator/include -Ibuild/toolchain/root/usr/share/verilator/include/vltstd -DVM_COVERAGE=1 -DVM_SC=0 -DVM_TIMING=1 -DVM_TRACE=0 -DVM_TRACE_FST=0 -DVM_TRACE_VCD=0 -faligned-new -fcf-protection=none -Wno-bool-operation -Wno-shadow -Wno-sign-compare -Wno-tautological-compare -Wno-uninitialized -Wno-unused-but-set-parameter -Wno-unused-but-set-variable -Wno-unused-parameter -Wno-unused-variable    -DVL_TIME_CONTEXT   -fcoroutines -include Vtb_top__pch.h.fast -c -o Vtb_top.o Vtb_top.cpp
g++ -Os  -I.  -MMD -Ibuild/toolchain/root/usr/share/verilator/include -Ibuild/toolchain/root/usr/share/verilator/include/vltstd -DVM_COVERAGE=1 -DVM_SC=0 -DVM_TIMING=1 -DVM_TRACE=0 -DVM_TRACE_FST=0 -DVM_TRACE_VCD=0 -faligned-new -fcf-protection=none -Wno-bool-operation -Wno-shadow -Wno-sign-compare -Wno-tautological-compare -Wno-uninitialized -Wno-unused-but-set-parameter -Wno-unused-but-set-variable -Wno-unused-parameter -Wno-unused-variable    -DVL_TIME_CONTEXT   -fcoroutines -include Vtb_top__pch.h.fast -c -o Vtb_top___024root__DepSet_h7f86b803__0.o Vtb_top___024root__DepSet_h7f86b803__0.cpp
g++ -Os  -I.  -MMD -Ibuild/toolchain/root/usr/share/verilator/include -Ibuild/toolchain/root/usr/share/verilator/include/vltstd -DVM_COVERAGE=1 -DVM_SC=0 -DVM_TIMING=1 -DVM_TRACE=0 -DVM_TRACE_FST=0 -DVM_TRACE_VCD=0 -faligned-new -fcf-protection=none -Wno-bool-operation -Wno-shadow -Wno-sign-compare -Wno-tautological-compare -Wno-uninitialized -Wno-unused-but-set-parameter -Wno-unused-but-set-variable -Wno-unused-parameter -Wno-unused-variable    -DVL_TIME_CONTEXT   -fcoroutines -include Vtb_top__pch.h.fast -c -o Vtb_top___024root__DepSet_h7f86b803__1.o Vtb_top___024root__DepSet_h7f86b803__1.cpp
g++ -Os  -I.  -MMD -Ibuild/toolchain/root/usr/share/verilator/include -Ibuild/toolchain/root/usr/share/verilator/include/vltstd -DVM_COVERAGE=1 -DVM_SC=0 -DVM_TIMING=1 -DVM_TRACE=0 -DVM_TRACE_FST=0 -DVM_TRACE_VCD=0 -faligned-new -fcf-protection=none -Wno-bool-operation -Wno-shadow -Wno-sign-compare -Wno-tautological-compare -Wno-uninitialized -Wno-unused-but-set-parameter -Wno-unused-but-set-variable -Wno-unused-parameter -Wno-unused-variable    -DVL_TIME_CONTEXT   -fcoroutines -include Vtb_top__pch.h.fast -c -o Vtb_top___024root__DepSet_h9ad02603__0.o Vtb_top___024root__DepSet_h9ad02603__0.cpp
g++ -Os  -I.  -MMD -Ibuild/toolchain/root/usr/share/verilator/include -Ibuild/toolchain/root/usr/share/verilator/include/vltstd -DVM_COVERAGE=1 -DVM_SC=0 -DVM_TIMING=1 -DVM_TRACE=0 -DVM_TRACE_FST=0 -DVM_TRACE_VCD=0 -faligned-new -fcf-protection=none -Wno-bool-operation -Wno-shadow -Wno-sign-compare -Wno-tautological-compare -Wno-uninitialized -Wno-unused-but-set-parameter -Wno-unused-but-set-variable -Wno-unused-parameter -Wno-unused-variable    -DVL_TIME_CONTEXT   -fcoroutines -include Vtb_top__pch.h.fast -c -o Vtb_top_sync_fifo__DepSet_h662810e6__0.o Vtb_top_sync_fifo__DepSet_h662810e6__0.cpp
g++ -Os  -I.  -MMD -Ibuild/toolchain/root/usr/share/verilator/include -Ibuild/toolchain/root/usr/share/verilator/include/vltstd -DVM_COVERAGE=1 -DVM_SC=0 -DVM_TIMING=1 -DVM_TRACE=0 -DVM_TRACE_FST=0 -DVM_TRACE_VCD=0 -faligned-new -fcf-protection=none -Wno-bool-operation -Wno-shadow -Wno-sign-compare -Wno-tautological-compare -Wno-uninitialized -Wno-unused-but-set-parameter -Wno-unused-but-set-variable -Wno-unused-parameter -Wno-unused-variable    -DVL_TIME_CONTEXT   -fcoroutines -include Vtb_top__pch.h.fast -c -o Vtb_top__main.o Vtb_top__main.cpp
g++   -I.  -MMD -Ibuild/toolchain/root/usr/share/verilator/include -Ibuild/toolchain/root/usr/share/verilator/include/vltstd -DVM_COVERAGE=1 -DVM_SC=0 -DVM_TIMING=1 -DVM_TRACE=0 -DVM_TRACE_FST=0 -DVM_TRACE_VCD=0 -faligned-new -fcf-protection=none -Wno-bool-operation -Wno-shadow -Wno-sign-compare -Wno-tautological-compare -Wno-uninitialized -Wno-unused-but-set-parameter -Wno-unused-but-set-variable -Wno-unused-parameter -Wno-unused-variable    -DVL_TIME_CONTEXT   -fcoroutines -x c++-header Vtb_top__pch.h -o Vtb_top__pch.h.slow.gch
g++   -I.  -MMD -Ibuild/toolchain/root/usr/share/verilator/include -Ibuild/toolchain/root/usr/share/verilator/include/vltstd -DVM_COVERAGE=1 -DVM_SC=0 -DVM_TIMING=1 -DVM_TRACE=0 -DVM_TRACE_FST=0 -DVM_TRACE_VCD=0 -faligned-new -fcf-protection=none -Wno-bool-operation -Wno-shadow -Wno-sign-compare -Wno-tautological-compare -Wno-uninitialized -Wno-unused-but-set-parameter -Wno-unused-but-set-variable -Wno-unused-parameter -Wno-unused-variable    -DVL_TIME_CONTEXT   -fcoroutines -include Vtb_top__pch.h.slow -c -o Vtb_top___024root__Slow.o Vtb_top___024root__Slow.cpp
g++   -I.  -MMD -Ibuild/toolchain/root/usr/share/verilator/include -Ibuild/toolchain/root/usr/share/verilator/include/vltstd -DVM_COVERAGE=1 -DVM_SC=0 -DVM_TIMING=1 -DVM_TRACE=0 -DVM_TRACE_FST=0 -DVM_TRACE_VCD=0 -faligned-new -fcf-protection=none -Wno-bool-operation -Wno-shadow -Wno-sign-compare -Wno-tautological-compare -Wno-uninitialized -Wno-unused-but-set-parameter -Wno-unused-but-set-variable -Wno-unused-parameter -Wno-unused-variable    -DVL_TIME_CONTEXT   -fcoroutines -include Vtb_top__pch.h.slow -c -o Vtb_top___024root__DepSet_h7f86b803__0__Slow.o Vtb_top___024root__DepSet_h7f86b803__0__Slow.cpp
g++   -I.  -MMD -Ibuild/toolchain/root/usr/share/verilator/include -Ibuild/toolchain/root/usr/share/verilator/include/vltstd -DVM_COVERAGE=1 -DVM_SC=0 -DVM_TIMING=1 -DVM_TRACE=0 -DVM_TRACE_FST=0 -DVM_TRACE_VCD=0 -faligned-new -fcf-protection=none -Wno-bool-operation -Wno-shadow -Wno-sign-compare -Wno-tautological-compare -Wno-uninitialized -Wno-unused-but-set-parameter -Wno-unused-but-set-variable -Wno-unused-parameter -Wno-unused-variable    -DVL_TIME_CONTEXT   -fcoroutines -include Vtb_top__pch.h.slow -c -o Vtb_top___024root__DepSet_h9ad02603__0__Slow.o Vtb_top___024root__DepSet_h9ad02603__0__Slow.cpp
g++   -I.  -MMD -Ibuild/toolchain/root/usr/share/verilator/include -Ibuild/toolchain/root/usr/share/verilator/include/vltstd -DVM_COVERAGE=1 -DVM_SC=0 -DVM_TIMING=1 -DVM_TRACE=0 -DVM_TRACE_FST=0 -DVM_TRACE_VCD=0 -faligned-new -fcf-protection=none -Wno-bool-operation -Wno-shadow -Wno-sign-compare -Wno-tautological-compare -Wno-uninitialized -Wno-unused-but-set-parameter -Wno-unused-but-set-variable -Wno-unused-parameter -Wno-unused-variable    -DVL_TIME_CONTEXT   -fcoroutines -include Vtb_top__pch.h.slow -c -o Vtb_top___024unit__Slow.o Vtb_top___024unit__Slow.cpp
g++   -I.  -MMD -Ibuild/toolchain/root/usr/share/verilator/include -Ibuild/toolchain/root/usr/share/verilator/include/vltstd -DVM_COVERAGE=1 -DVM_SC=0 -DVM_TIMING=1 -DVM_TRACE=0 -DVM_TRACE_FST=0 -DVM_TRACE_VCD=0 -faligned-new -fcf-protection=none -Wno-bool-operation -Wno-shadow -Wno-sign-compare -Wno-tautological-compare -Wno-uninitialized -Wno-unused-but-set-parameter -Wno-unused-but-set-variable -Wno-unused-parameter -Wno-unused-variable    -DVL_TIME_CONTEXT   -fcoroutines -include Vtb_top__pch.h.slow -c -o Vtb_top___024unit__DepSet_hba4cee98__0__Slow.o Vtb_top___024unit__DepSet_hba4cee98__0__Slow.cpp
g++   -I.  -MMD -Ibuild/toolchain/root/usr/share/verilator/include -Ibuild/toolchain/root/usr/share/verilator/include/vltstd -DVM_COVERAGE=1 -DVM_SC=0 -DVM_TIMING=1 -DVM_TRACE=0 -DVM_TRACE_FST=0 -DVM_TRACE_VCD=0 -faligned-new -fcf-protection=none -Wno-bool-operation -Wno-shadow -Wno-sign-compare -Wno-tautological-compare -Wno-uninitialized -Wno-unused-but-set-parameter -Wno-unused-but-set-variable -Wno-unused-parameter -Wno-unused-variable    -DVL_TIME_CONTEXT   -fcoroutines -include Vtb_top__pch.h.slow -c -o Vtb_top_sync_fifo__Slow.o Vtb_top_sync_fifo__Slow.cpp
g++   -I.  -MMD -Ibuild/toolchain/root/usr/share/verilator/include -Ibuild/toolchain/root/usr/share/verilator/include/vltstd -DVM_COVERAGE=1 -DVM_SC=0 -DVM_TIMING=1 -DVM_TRACE=0 -DVM_TRACE_FST=0 -DVM_TRACE_VCD=0 -faligned-new -fcf-protection=none -Wno-bool-operation -Wno-shadow -Wno-sign-compare -Wno-tautological-compare -Wno-uninitialized -Wno-unused-but-set-parameter -Wno-unused-but-set-variable -Wno-unused-parameter -Wno-unused-variable    -DVL_TIME_CONTEXT   -fcoroutines -include Vtb_top__pch.h.slow -c -o Vtb_top_sync_fifo__DepSet_h662810e6__0__Slow.o Vtb_top_sync_fifo__DepSet_h662810e6__0__Slow.cpp
g++   -I.  -MMD -Ibuild/toolchain/root/usr/share/verilator/include -Ibuild/toolchain/root/usr/share/verilator/include/vltstd -DVM_COVERAGE=1 -DVM_SC=0 -DVM_TIMING=1 -DVM_TRACE=0 -DVM_TRACE_FST=0 -DVM_TRACE_VCD=0 -faligned-new -fcf-protection=none -Wno-bool-operation -Wno-shadow -Wno-sign-compare -Wno-tautological-compare -Wno-uninitialized -Wno-unused-but-set-parameter -Wno-unused-but-set-variable -Wno-unused-parameter -Wno-unused-variable    -DVL_TIME_CONTEXT   -fcoroutines -include Vtb_top__pch.h.slow -c -o Vtb_top_sync_fifo__DepSet_h9166cee6__0__Slow.o Vtb_top_sync_fifo__DepSet_h9166cee6__0__Slow.cpp
g++   -I.  -MMD -Ibuild/toolchain/root/usr/share/verilator/include -Ibuild/toolchain/root/usr/share/verilator/include/vltstd -DVM_COVERAGE=1 -DVM_SC=0 -DVM_TIMING=1 -DVM_TRACE=0 -DVM_TRACE_FST=0 -DVM_TRACE_VCD=0 -faligned-new -fcf-protection=none -Wno-bool-operation -Wno-shadow -Wno-sign-compare -Wno-tautological-compare -Wno-uninitialized -Wno-unused-but-set-parameter -Wno-unused-but-set-variable -Wno-unused-parameter -Wno-unused-variable    -DVL_TIME_CONTEXT   -fcoroutines -include Vtb_top__pch.h.slow -c -o Vtb_top__Syms.o Vtb_top__Syms.cpp
echo "" > Vtb_top__ALL.verilator_deplist.tmp
g++    verilated.o verilated_cov.o verilated_timing.o verilated_threads.o Vtb_top__ALL.a    -pthread -lpthread -latomic   -o Vtb_top
rm Vtb_top__ALL.verilator_deplist.tmp
make[2]: Leaving directory 'build/wait1-trace0'
- V e r i l a t i o n   R e p o r t: Verilator 5.032 2025-01-01 rev (Debian 5.032-1)
- Verilator: Built from 0.173 MB sources in 8 modules, into 6.253 MB in 15 C++ files needing 0.000 MB
- Verilator: Walltime 70.210 s (elab=0.003, cvt=0.463, bld=69.655); cpu 0.555 s on 1 threads; alloced 50.898 MB
build/wait1-trace0/Vtb_top +TEST=apb +SEED=1 +N_TRANSACTIONS=1000  +verilator+coverage+file+reports/runs/latest/apb-wait1.dat
COVERAGE apb_reads=19 apb_writes=13 apb_errors=10 wait_cycles=1 random_apb=0
COVERAGE apb write=0 error=0 wait_bucket=1 count=15
COVERAGE apb write=0 error=1 wait_bucket=1 count=4
COVERAGE apb write=1 error=0 wait_bucket=1 count=7
COVERAGE apb write=1 error=1 wait_bucket=1 count=6
COVERAGE uart tx_frames=0 rx_frames=0 bad_stop=0 false_start=0 overflow=0 rx_period_31=0 rx_period_33=0 tx_full_reject=0 rx_empty_reject=1 reset_abort=1 baud_min=0 baud_max=0
TEST_PASS test=apb seed=1 apb_transactions=32 tx_frames=0 rx_frames=0
- tb/tb_top.sv:720: Verilog $finish
- S i m u l a t i o n   R e p o r t: Verilator 5.032 2025-01-01
- Verilator: $finish at 1us; walltime 0.005 s; speed 241.453 us/s
- Verilator: cpu 0.006 s on 1 threads; alloced 91 MB
make[1]: Leaving directory '.'
