
-- Executing script file `build/synth/apb_uart-wait0-depth16/run.ys' --

1. Executing Verilog-2005 frontend: converted.v
Parsing Verilog input from `converted.v' to AST representation.
Generating RTLIL representation for module `\sync_fifo'.
Warning: Replacing memory \mem with list of registers. See converted.v:65
Generating RTLIL representation for module `\uart_tx'.
Generating RTLIL representation for module `\uart_rx'.
Generating RTLIL representation for module `\apb_uart'.
Successfully finished Verilog frontend.

2. Executing HIERARCHY pass (managing design hierarchy).
Parameter \WAIT_CYCLES = 0
Parameter \FIFO_DEPTH = 16

3. Executing AST frontend in derive mode using pre-parsed AST for module `\apb_uart'.
Parameter \WAIT_CYCLES = 0
Parameter \FIFO_DEPTH = 16
Generating RTLIL representation for module `$paramod$e83d3afb413c4633abb4f81bf71797c6cca61933\apb_uart'.

3.1. Analyzing design hierarchy..
Top module:  \apb_uart
Used module:     \sync_fifo
Used module:     \uart_tx
Used module:     \uart_rx
Parameter \DATA_WIDTH = 8
Parameter \DEPTH = 16

3.2. Executing AST frontend in derive mode using pre-parsed AST for module `\sync_fifo'.
Parameter \DATA_WIDTH = 8
Parameter \DEPTH = 16
Generating RTLIL representation for module `$paramod$9b7a6de76a656f235265b36ced3b9a85d704f591\sync_fifo'.
Warning: Replacing memory \mem with list of registers. See converted.v:65
Parameter \DATA_WIDTH = 8
Parameter \DEPTH = 16
Found cached RTLIL representation for module `$paramod$9b7a6de76a656f235265b36ced3b9a85d704f591\sync_fifo'.

3.3. Analyzing design hierarchy..
Top module:  \apb_uart
Used module:     $paramod$9b7a6de76a656f235265b36ced3b9a85d704f591\sync_fifo
Used module:     \uart_tx
Used module:     \uart_rx

3.4. Analyzing design hierarchy..
Top module:  \apb_uart
Used module:     $paramod$9b7a6de76a656f235265b36ced3b9a85d704f591\sync_fifo
Used module:     \uart_tx
Used module:     \uart_rx
Removing unused module `$paramod$e83d3afb413c4633abb4f81bf71797c6cca61933\apb_uart'.
Removing unused module `\sync_fifo'.
Removed 2 unused modules.

4. Executing SYNTH pass.

4.1. Executing HIERARCHY pass (managing design hierarchy).

4.1.1. Analyzing design hierarchy..
Top module:  \apb_uart
Used module:     $paramod$9b7a6de76a656f235265b36ced3b9a85d704f591\sync_fifo
Used module:     \uart_tx
Used module:     \uart_rx

4.1.2. Analyzing design hierarchy..
Top module:  \apb_uart
Used module:     $paramod$9b7a6de76a656f235265b36ced3b9a85d704f591\sync_fifo
Used module:     \uart_tx
Used module:     \uart_rx
Removed 0 unused modules.

4.2. Executing PROC pass (convert processes to netlists).

4.2.1. Executing PROC_CLEAN pass (remove empty switches from decision trees).
Found and cleaned up 1 empty switch in `\apb_uart.$proc$converted.v:347$172'.
Found and cleaned up 1 empty switch in `\apb_uart.$proc$converted.v:375$202'.
Cleaned up 2 empty switches.

4.2.2. Executing PROC_RMDEAD pass (remove dead branches from decision trees).
Removed 1 dead cases from process $proc$converted.v:0$263 in module $paramod$9b7a6de76a656f235265b36ced3b9a85d704f591\sync_fifo.
Marked 1 switch rules as full_case in process $proc$converted.v:0$263 in module $paramod$9b7a6de76a656f235265b36ced3b9a85d704f591\sync_fifo.
Marked 9 switch rules as full_case in process $proc$converted.v:57$221 in module $paramod$9b7a6de76a656f235265b36ced3b9a85d704f591\sync_fifo.
Removed 1 dead cases from process $proc$converted.v:187$81 in module uart_rx.
Marked 9 switch rules as full_case in process $proc$converted.v:187$81 in module uart_rx.
Removed 1 dead cases from process $proc$converted.v:104$66 in module uart_tx.
Marked 6 switch rules as full_case in process $proc$converted.v:104$66 in module uart_tx.
Marked 4 switch rules as full_case in process $proc$converted.v:329$161 in module apb_uart.
Marked 2 switch rules as full_case in process $proc$converted.v:347$172 in module apb_uart.
Marked 2 switch rules as full_case in process $proc$converted.v:375$202 in module apb_uart.
Marked 1 switch rules as full_case in process $proc$converted.v:389$203 in module apb_uart.
Removed a total of 3 dead cases.

4.2.3. Executing PROC_PRUNE pass (remove redundant assignments in processes).
Removed 6 redundant assignments.
Promoted 15 assignments to connections.

4.2.4. Executing PROC_INIT pass (extract init attributes).

4.2.5. Executing PROC_ARST pass (detect async resets in processes).
Found async reset \rst_n in `$paramod$9b7a6de76a656f235265b36ced3b9a85d704f591\sync_fifo.$proc$converted.v:57$221'.
Found async reset \rst_n in `\uart_rx.$proc$converted.v:187$81'.
Found async reset \rst_n in `\uart_tx.$proc$converted.v:104$66'.
Found async reset \PRESETn in `\apb_uart.$proc$converted.v:329$161'.
Found async reset \PRESETn in `\apb_uart.$proc$converted.v:389$203'.

4.2.6. Executing PROC_ROM pass (convert switches to ROMs).
Converted 0 switches.
<suppressed ~36 debug messages>

4.2.7. Executing PROC_MUX pass (convert decision trees to multiplexers).
Creating decoders for process `$paramod$9b7a6de76a656f235265b36ced3b9a85d704f591\sync_fifo.$proc$converted.v:0$263'.
     1/1: $1$mem2reg_rd$\mem$converted.v:54$212_DATA[7:0]$265
Creating decoders for process `$paramod$9b7a6de76a656f235265b36ced3b9a85d704f591\sync_fifo.$proc$converted.v:57$221'.
     1/43: $0\count[4:0]
     2/43: $4\next_ptr$func$converted.v:69$210._sv2v_jump[1:0]$258
     3/43: $4\next_ptr$func$converted.v:69$210.$result[3:0]$259
     4/43: $3\next_ptr$func$converted.v:69$210._sv2v_jump[1:0]$255
     5/43: $3\next_ptr$func$converted.v:69$210.$result[3:0]$256
     6/43: $2\next_ptr$func$converted.v:69$210.$result[3:0]$253
     7/43: $2\next_ptr$func$converted.v:69$210._sv2v_jump[1:0]$251
     8/43: $2\next_ptr$func$converted.v:69$210.ptr[3:0]$252
     9/43: $4\next_ptr$func$converted.v:66$208._sv2v_jump[1:0]$248
    10/43: $4\next_ptr$func$converted.v:66$208.$result[3:0]$249
    11/43: $3\next_ptr$func$converted.v:66$208._sv2v_jump[1:0]$245
    12/43: $3\next_ptr$func$converted.v:66$208.$result[3:0]$246
    13/43: $2\next_ptr$func$converted.v:66$208.$result[3:0]$243
    14/43: $2\next_ptr$func$converted.v:66$208._sv2v_jump[1:0]$241
    15/43: $2\next_ptr$func$converted.v:66$208.ptr[3:0]$242
    16/43: $2$mem2reg_wr$\mem$converted.v:65$213_ADDR[3:0]$240
    17/43: $2$mem2reg_wr$\mem$converted.v:65$213_DATA[7:0]$239
    18/43: $1\next_ptr$func$converted.v:69$210.$result[3:0]$235
    19/43: $1\next_ptr$func$converted.v:69$210.ptr[3:0]$234
    20/43: $1\next_ptr$func$converted.v:69$210._sv2v_jump[1:0]$233
    21/43: $1\next_ptr$func$converted.v:66$208.$result[3:0]$238
    22/43: $1\next_ptr$func$converted.v:66$208.ptr[3:0]$237
    23/43: $1\next_ptr$func$converted.v:66$208._sv2v_jump[1:0]$236
    24/43: $1$mem2reg_wr$\mem$converted.v:65$213_ADDR[3:0]$232
    25/43: $1$mem2reg_wr$\mem$converted.v:65$213_DATA[7:0]$231
    26/43: $0\mem[15][7:0]
    27/43: $0\mem[14][7:0]
    28/43: $0\mem[13][7:0]
    29/43: $0\mem[12][7:0]
    30/43: $0\mem[11][7:0]
    31/43: $0\mem[10][7:0]
    32/43: $0\mem[9][7:0]
    33/43: $0\mem[8][7:0]
    34/43: $0\mem[7][7:0]
    35/43: $0\mem[6][7:0]
    36/43: $0\mem[5][7:0]
    37/43: $0\mem[4][7:0]
    38/43: $0\mem[3][7:0]
    39/43: $0\mem[2][7:0]
    40/43: $0\mem[1][7:0]
    41/43: $0\mem[0][7:0]
    42/43: $0\rd_ptr[3:0]
    43/43: $0\wr_ptr[3:0]
Creating decoders for process `\uart_rx.$proc$converted.v:187$81'.
     1/18: $4$lookahead\shift_data$80[7:0]$100
     2/18: $4$bitselwrite$pos$converted.v:234$78[2:0]$99
     3/18: $3$lookahead\shift_data$80[7:0]$91
     4/18: $3$bitselwrite$pos$converted.v:234$78[2:0]$90
     5/18: $2$lookahead\shift_data$80[7:0]$89
     6/18: $2$bitselwrite$pos$converted.v:234$78[2:0]$88
     7/18: $1$lookahead\shift_data$80[7:0]$86
     8/18: $1$bitselwrite$pos$converted.v:234$78[2:0]$85
     9/18: $0\framing_error[0:0]
    10/18: $0\valid[0:0]
    11/18: $0\rx_prev[0:0]
    12/18: $0\rx_sync[0:0]
    13/18: $0\rx_meta[0:0]
    14/18: $0\data[7:0]
    15/18: $0\bit_idx[2:0]
    16/18: $0\frame_div[15:0]
    17/18: $0\ticks_left[15:0]
    18/18: $0\state[1:0]
Creating decoders for process `\uart_tx.$proc$converted.v:104$66'.
     1/6: $0\bit_idx[2:0]
     2/6: $0\frame_data[7:0]
     3/6: $0\frame_div[15:0]
     4/6: $0\ticks_left[15:0]
     5/6: $0\state[1:0]
     6/6: $0\tx[0:0]
Creating decoders for process `\apb_uart.$proc$converted.v:329$161'.
     1/2: $0\setup_seen[0:0]
     2/2: $0\wait_left[0:0]
Creating decoders for process `\apb_uart.$proc$converted.v:347$172'.
     1/2: $2\access_error[0:0]
     2/2: $1\access_error[0:0]
Creating decoders for process `\apb_uart.$proc$converted.v:375$202'.
     1/2: $2\PRDATA[31:0]
     2/2: $1\PRDATA[31:0]
Creating decoders for process `\apb_uart.$proc$converted.v:389$203'.
     1/6: $0\rx_framing_sticky[0:0]
     2/6: $0\rx_overflow_sticky[0:0]
     3/6: $0\scratch[31:0]
     4/6: $0\rx_enable[0:0]
     5/6: $0\tx_enable[0:0]
     6/6: $0\baud_div[15:0]
Creating decoders for process `\apb_uart.$proc$converted.v:0$206'.

4.2.8. Executing PROC_DLATCH pass (convert process syncs to latches).
No latch inferred for signal `$paramod$9b7a6de76a656f235265b36ced3b9a85d704f591\sync_fifo.$mem2reg_rd$\mem$converted.v:54$212_DATA' from process `$paramod$9b7a6de76a656f235265b36ced3b9a85d704f591\sync_fifo.$proc$converted.v:0$263'.
No latch inferred for signal `\apb_uart.\access_error' from process `\apb_uart.$proc$converted.v:347$172'.
No latch inferred for signal `\apb_uart.\PRDATA' from process `\apb_uart.$proc$converted.v:375$202'.
No latch inferred for signal `\apb_uart.\_sv2v_0' from process `\apb_uart.$proc$converted.v:0$206'.

4.2.9. Executing PROC_DFF pass (convert process syncs to FFs).
Creating register for signal `$paramod$9b7a6de76a656f235265b36ced3b9a85d704f591\sync_fifo.\wr_ptr' using process `$paramod$9b7a6de76a656f235265b36ced3b9a85d704f591\sync_fifo.$proc$converted.v:57$221'.
  created $adff cell `$procdff$875' with positive edge clock and positive level reset.
Creating register for signal `$paramod$9b7a6de76a656f235265b36ced3b9a85d704f591\sync_fifo.\rd_ptr' using process `$paramod$9b7a6de76a656f235265b36ced3b9a85d704f591\sync_fifo.$proc$converted.v:57$221'.
  created $adff cell `$procdff$880' with positive edge clock and positive level reset.
Creating register for signal `$paramod$9b7a6de76a656f235265b36ced3b9a85d704f591\sync_fifo.\count' using process `$paramod$9b7a6de76a656f235265b36ced3b9a85d704f591\sync_fifo.$proc$converted.v:57$221'.
  created $adff cell `$procdff$885' with positive edge clock and positive level reset.
Creating register for signal `$paramod$9b7a6de76a656f235265b36ced3b9a85d704f591\sync_fifo.\mem[0]' using process `$paramod$9b7a6de76a656f235265b36ced3b9a85d704f591\sync_fifo.$proc$converted.v:57$221'.
  created $dff cell `$procdff$892' with positive edge clock.
Creating register for signal `$paramod$9b7a6de76a656f235265b36ced3b9a85d704f591\sync_fifo.\mem[1]' using process `$paramod$9b7a6de76a656f235265b36ced3b9a85d704f591\sync_fifo.$proc$converted.v:57$221'.
  created $dff cell `$procdff$899' with positive edge clock.
Creating register for signal `$paramod$9b7a6de76a656f235265b36ced3b9a85d704f591\sync_fifo.\mem[2]' using process `$paramod$9b7a6de76a656f235265b36ced3b9a85d704f591\sync_fifo.$proc$converted.v:57$221'.
  created $dff cell `$procdff$906' with positive edge clock.
Creating register for signal `$paramod$9b7a6de76a656f235265b36ced3b9a85d704f591\sync_fifo.\mem[3]' using process `$paramod$9b7a6de76a656f235265b36ced3b9a85d704f591\sync_fifo.$proc$converted.v:57$221'.
  created $dff cell `$procdff$913' with positive edge clock.
Creating register for signal `$paramod$9b7a6de76a656f235265b36ced3b9a85d704f591\sync_fifo.\mem[4]' using process `$paramod$9b7a6de76a656f235265b36ced3b9a85d704f591\sync_fifo.$proc$converted.v:57$221'.
  created $dff cell `$procdff$920' with positive edge clock.
Creating register for signal `$paramod$9b7a6de76a656f235265b36ced3b9a85d704f591\sync_fifo.\mem[5]' using process `$paramod$9b7a6de76a656f235265b36ced3b9a85d704f591\sync_fifo.$proc$converted.v:57$221'.
  created $dff cell `$procdff$927' with positive edge clock.
Creating register for signal `$paramod$9b7a6de76a656f235265b36ced3b9a85d704f591\sync_fifo.\mem[6]' using process `$paramod$9b7a6de76a656f235265b36ced3b9a85d704f591\sync_fifo.$proc$converted.v:57$221'.
  created $dff cell `$procdff$934' with positive edge clock.
Creating register for signal `$paramod$9b7a6de76a656f235265b36ced3b9a85d704f591\sync_fifo.\mem[7]' using process `$paramod$9b7a6de76a656f235265b36ced3b9a85d704f591\sync_fifo.$proc$converted.v:57$221'.
  created $dff cell `$procdff$941' with positive edge clock.
Creating register for signal `$paramod$9b7a6de76a656f235265b36ced3b9a85d704f591\sync_fifo.\mem[8]' using process `$paramod$9b7a6de76a656f235265b36ced3b9a85d704f591\sync_fifo.$proc$converted.v:57$221'.
  created $dff cell `$procdff$948' with positive edge clock.
Creating register for signal `$paramod$9b7a6de76a656f235265b36ced3b9a85d704f591\sync_fifo.\mem[9]' using process `$paramod$9b7a6de76a656f235265b36ced3b9a85d704f591\sync_fifo.$proc$converted.v:57$221'.
  created $dff cell `$procdff$955' with positive edge clock.
Creating register for signal `$paramod$9b7a6de76a656f235265b36ced3b9a85d704f591\sync_fifo.\mem[10]' using process `$paramod$9b7a6de76a656f235265b36ced3b9a85d704f591\sync_fifo.$proc$converted.v:57$221'.
  created $dff cell `$procdff$962' with positive edge clock.
Creating register for signal `$paramod$9b7a6de76a656f235265b36ced3b9a85d704f591\sync_fifo.\mem[11]' using process `$paramod$9b7a6de76a656f235265b36ced3b9a85d704f591\sync_fifo.$proc$converted.v:57$221'.
  created $dff cell `$procdff$969' with positive edge clock.
Creating register for signal `$paramod$9b7a6de76a656f235265b36ced3b9a85d704f591\sync_fifo.\mem[12]' using process `$paramod$9b7a6de76a656f235265b36ced3b9a85d704f591\sync_fifo.$proc$converted.v:57$221'.
  created $dff cell `$procdff$976' with positive edge clock.
Creating register for signal `$paramod$9b7a6de76a656f235265b36ced3b9a85d704f591\sync_fifo.\mem[13]' using process `$paramod$9b7a6de76a656f235265b36ced3b9a85d704f591\sync_fifo.$proc$converted.v:57$221'.
  created $dff cell `$procdff$983' with positive edge clock.
Creating register for signal `$paramod$9b7a6de76a656f235265b36ced3b9a85d704f591\sync_fifo.\mem[14]' using process `$paramod$9b7a6de76a656f235265b36ced3b9a85d704f591\sync_fifo.$proc$converted.v:57$221'.
  created $dff cell `$procdff$990' with positive edge clock.
Creating register for signal `$paramod$9b7a6de76a656f235265b36ced3b9a85d704f591\sync_fifo.\mem[15]' using process `$paramod$9b7a6de76a656f235265b36ced3b9a85d704f591\sync_fifo.$proc$converted.v:57$221'.
  created $dff cell `$procdff$997' with positive edge clock.
Creating register for signal `$paramod$9b7a6de76a656f235265b36ced3b9a85d704f591\sync_fifo.$mem2reg_wr$\mem$converted.v:65$213_DATA' using process `$paramod$9b7a6de76a656f235265b36ced3b9a85d704f591\sync_fifo.$proc$converted.v:57$221'.
  created $adff cell `$procdff$1002' with positive edge clock and positive level reset.
Creating register for signal `$paramod$9b7a6de76a656f235265b36ced3b9a85d704f591\sync_fifo.$mem2reg_wr$\mem$converted.v:65$213_ADDR' using process `$paramod$9b7a6de76a656f235265b36ced3b9a85d704f591\sync_fifo.$proc$converted.v:57$221'.
  created $adff cell `$procdff$1007' with positive edge clock and positive level reset.
Creating register for signal `$paramod$9b7a6de76a656f235265b36ced3b9a85d704f591\sync_fifo.\next_ptr$func$converted.v:69$210._sv2v_jump' using process `$paramod$9b7a6de76a656f235265b36ced3b9a85d704f591\sync_fifo.$proc$converted.v:57$221'.
  created $adff cell `$procdff$1012' with positive edge clock and positive level reset.
Creating register for signal `$paramod$9b7a6de76a656f235265b36ced3b9a85d704f591\sync_fifo.\next_ptr$func$converted.v:69$210.ptr' using process `$paramod$9b7a6de76a656f235265b36ced3b9a85d704f591\sync_fifo.$proc$converted.v:57$221'.
  created $adff cell `$procdff$1017' with positive edge clock and positive level reset.
Creating register for signal `$paramod$9b7a6de76a656f235265b36ced3b9a85d704f591\sync_fifo.\next_ptr$func$converted.v:69$210.$result' using process `$paramod$9b7a6de76a656f235265b36ced3b9a85d704f591\sync_fifo.$proc$converted.v:57$221'.
  created $adff cell `$procdff$1022' with positive edge clock and positive level reset.
Creating register for signal `$paramod$9b7a6de76a656f235265b36ced3b9a85d704f591\sync_fifo.\next_ptr$func$converted.v:66$208._sv2v_jump' using process `$paramod$9b7a6de76a656f235265b36ced3b9a85d704f591\sync_fifo.$proc$converted.v:57$221'.
  created $adff cell `$procdff$1027' with positive edge clock and positive level reset.
Creating register for signal `$paramod$9b7a6de76a656f235265b36ced3b9a85d704f591\sync_fifo.\next_ptr$func$converted.v:66$208.ptr' using process `$paramod$9b7a6de76a656f235265b36ced3b9a85d704f591\sync_fifo.$proc$converted.v:57$221'.
  created $adff cell `$procdff$1032' with positive edge clock and positive level reset.
Creating register for signal `$paramod$9b7a6de76a656f235265b36ced3b9a85d704f591\sync_fifo.\next_ptr$func$converted.v:66$208.$result' using process `$paramod$9b7a6de76a656f235265b36ced3b9a85d704f591\sync_fifo.$proc$converted.v:57$221'.
  created $adff cell `$procdff$1037' with positive edge clock and positive level reset.
Creating register for signal `\uart_rx.\state' using process `\uart_rx.$proc$converted.v:187$81'.
  created $adff cell `$procdff$1042' with positive edge clock and positive level reset.
Creating register for signal `\uart_rx.\ticks_left' using process `\uart_rx.$proc$converted.v:187$81'.
  created $adff cell `$procdff$1047' with positive edge clock and positive level reset.
Creating register for signal `\uart_rx.\frame_div' using process `\uart_rx.$proc$converted.v:187$81'.
  created $adff cell `$procdff$1052' with positive edge clock and positive level reset.
Creating register for signal `\uart_rx.\bit_idx' using process `\uart_rx.$proc$converted.v:187$81'.
  created $adff cell `$procdff$1057' with positive edge clock and positive level reset.
Creating register for signal `\uart_rx.\valid' using process `\uart_rx.$proc$converted.v:187$81'.
  created $adff cell `$procdff$1062' with positive edge clock and positive level reset.
Creating register for signal `\uart_rx.\data' using process `\uart_rx.$proc$converted.v:187$81'.
  created $adff cell `$procdff$1067' with positive edge clock and positive level reset.
Creating register for signal `\uart_rx.\framing_error' using process `\uart_rx.$proc$converted.v:187$81'.
  created $adff cell `$procdff$1072' with positive edge clock and positive level reset.
Creating register for signal `\uart_rx.\rx_meta' using process `\uart_rx.$proc$converted.v:187$81'.
  created $adff cell `$procdff$1077' with positive edge clock and positive level reset.
Creating register for signal `\uart_rx.\rx_sync' using process `\uart_rx.$proc$converted.v:187$81'.
  created $adff cell `$procdff$1082' with positive edge clock and positive level reset.
Creating register for signal `\uart_rx.\rx_prev' using process `\uart_rx.$proc$converted.v:187$81'.
  created $adff cell `$procdff$1087' with positive edge clock and positive level reset.
Creating register for signal `\uart_rx.\shift_data' using process `\uart_rx.$proc$converted.v:187$81'.
  created $adff cell `$procdff$1092' with positive edge clock and positive level reset.
Creating register for signal `\uart_rx.$bitselwrite$pos$converted.v:234$78' using process `\uart_rx.$proc$converted.v:187$81'.
  created $adff cell `$procdff$1097' with positive edge clock and positive level reset.
Creating register for signal `\uart_rx.$lookahead\shift_data$80' using process `\uart_rx.$proc$converted.v:187$81'.
  created $adff cell `$procdff$1102' with positive edge clock and positive level reset.
Creating register for signal `\uart_tx.\tx' using process `\uart_tx.$proc$converted.v:104$66'.
  created $adff cell `$procdff$1107' with positive edge clock and positive level reset.
Creating register for signal `\uart_tx.\state' using process `\uart_tx.$proc$converted.v:104$66'.
  created $adff cell `$procdff$1112' with positive edge clock and positive level reset.
Creating register for signal `\uart_tx.\ticks_left' using process `\uart_tx.$proc$converted.v:104$66'.
  created $adff cell `$procdff$1117' with positive edge clock and positive level reset.
Creating register for signal `\uart_tx.\frame_div' using process `\uart_tx.$proc$converted.v:104$66'.
  created $adff cell `$procdff$1122' with positive edge clock and positive level reset.
Creating register for signal `\uart_tx.\frame_data' using process `\uart_tx.$proc$converted.v:104$66'.
  created $adff cell `$procdff$1127' with positive edge clock and positive level reset.
Creating register for signal `\uart_tx.\bit_idx' using process `\uart_tx.$proc$converted.v:104$66'.
  created $adff cell `$procdff$1132' with positive edge clock and positive level reset.
Creating register for signal `\apb_uart.\wait_left' using process `\apb_uart.$proc$converted.v:329$161'.
  created $adff cell `$procdff$1137' with positive edge clock and positive level reset.
Creating register for signal `\apb_uart.\setup_seen' using process `\apb_uart.$proc$converted.v:329$161'.
  created $adff cell `$procdff$1142' with positive edge clock and positive level reset.
Creating register for signal `\apb_uart.\baud_div' using process `\apb_uart.$proc$converted.v:389$203'.
  created $adff cell `$procdff$1147' with positive edge clock and positive level reset.
Creating register for signal `\apb_uart.\tx_enable' using process `\apb_uart.$proc$converted.v:389$203'.
  created $adff cell `$procdff$1152' with positive edge clock and positive level reset.
Creating register for signal `\apb_uart.\rx_enable' using process `\apb_uart.$proc$converted.v:389$203'.
  created $adff cell `$procdff$1157' with positive edge clock and positive level reset.
Creating register for signal `\apb_uart.\scratch' using process `\apb_uart.$proc$converted.v:389$203'.
  created $adff cell `$procdff$1162' with positive edge clock and positive level reset.
Creating register for signal `\apb_uart.\rx_overflow_sticky' using process `\apb_uart.$proc$converted.v:389$203'.
  created $adff cell `$procdff$1167' with positive edge clock and positive level reset.
Creating register for signal `\apb_uart.\rx_framing_sticky' using process `\apb_uart.$proc$converted.v:389$203'.
  created $adff cell `$procdff$1172' with positive edge clock and positive level reset.

4.2.10. Executing PROC_MEMWR pass (convert process memory writes to cells).

4.2.11. Executing PROC_CLEAN pass (remove empty switches from decision trees).
Found and cleaned up 1 empty switch in `$paramod$9b7a6de76a656f235265b36ced3b9a85d704f591\sync_fifo.$proc$converted.v:0$263'.
Removing empty process `$paramod$9b7a6de76a656f235265b36ced3b9a85d704f591\sync_fifo.$proc$converted.v:0$263'.
Found and cleaned up 8 empty switches in `$paramod$9b7a6de76a656f235265b36ced3b9a85d704f591\sync_fifo.$proc$converted.v:57$221'.
Removing empty process `$paramod$9b7a6de76a656f235265b36ced3b9a85d704f591\sync_fifo.$proc$converted.v:57$221'.
Found and cleaned up 9 empty switches in `\uart_rx.$proc$converted.v:187$81'.
Removing empty process `uart_rx.$proc$converted.v:187$81'.
Found and cleaned up 6 empty switches in `\uart_tx.$proc$converted.v:104$66'.
Removing empty process `uart_tx.$proc$converted.v:104$66'.
Found and cleaned up 4 empty switches in `\apb_uart.$proc$converted.v:329$161'.
Removing empty process `apb_uart.$proc$converted.v:329$161'.
Found and cleaned up 2 empty switches in `\apb_uart.$proc$converted.v:347$172'.
Removing empty process `apb_uart.$proc$converted.v:347$172'.
Found and cleaned up 2 empty switches in `\apb_uart.$proc$converted.v:375$202'.
Removing empty process `apb_uart.$proc$converted.v:375$202'.
Found and cleaned up 4 empty switches in `\apb_uart.$proc$converted.v:389$203'.
Removing empty process `apb_uart.$proc$converted.v:389$203'.
Removing empty process `apb_uart.$proc$converted.v:0$206'.
Cleaned up 36 empty switches.

4.2.12. Executing OPT_EXPR pass (perform const folding).
Optimizing module $paramod$9b7a6de76a656f235265b36ced3b9a85d704f591\sync_fifo.
<suppressed ~59 debug messages>
Optimizing module uart_rx.
<suppressed ~50 debug messages>
Optimizing module uart_tx.
<suppressed ~20 debug messages>
Optimizing module apb_uart.
<suppressed ~28 debug messages>

4.3. Executing FLATTEN pass (flatten design).
Deleting now unused module $paramod$9b7a6de76a656f235265b36ced3b9a85d704f591\sync_fifo.
Deleting now unused module uart_rx.
Deleting now unused module uart_tx.
<suppressed ~4 debug messages>

4.4. Executing OPT_EXPR pass (perform const folding).
Optimizing module apb_uart.

4.5. Executing OPT_CLEAN pass (remove unused cells and wires).
Finding unused cells or wires in module \apb_uart..
Removed 140 unused cells and 557 unused wires.
<suppressed ~149 debug messages>

4.6. Executing CHECK pass (checking for obvious problems).
Checking module apb_uart...
Found and reported 0 problems.

4.7. Executing OPT pass (performing simple optimizations).

4.7.1. Executing OPT_EXPR pass (perform const folding).
Optimizing module apb_uart.

4.7.2. Executing OPT_MERGE pass (detect identical cells).
Finding identical cells in module `\apb_uart'.
<suppressed ~180 debug messages>
Removed a total of 60 cells.

4.7.3. Executing OPT_MUXTREE pass (detect dead branches in mux trees).
Running muxtree optimizer on module \apb_uart..
  Creating internal representation of mux trees.
  Evaluating internal representation of mux trees.
      Replacing known input bits on port A of cell $procmux$809: \wait_left -> 1'0
  Analyzing evaluation results.
    dead port 2/2 on $mux $flatten\u_rx_fifo.$procmux$297.
    dead port 2/2 on $mux $flatten\u_rx_fifo.$procmux$309.
    dead port 2/2 on $mux $flatten\u_rx_fifo.$procmux$330.
    dead port 2/2 on $mux $flatten\u_rx_fifo.$procmux$342.
    dead port 2/2 on $mux $flatten\u_tx_fifo.$procmux$297.
    dead port 2/2 on $mux $flatten\u_tx_fifo.$procmux$309.
    dead port 2/2 on $mux $flatten\u_tx_fifo.$procmux$330.
    dead port 2/2 on $mux $flatten\u_tx_fifo.$procmux$342.
    dead port 2/2 on $mux $flatten\u_uart_rx.$procmux$569.
    dead port 2/2 on $mux $flatten\u_uart_rx.$procmux$572.
    dead port 2/2 on $mux $flatten\u_uart_rx.$procmux$589.
    dead port 2/2 on $mux $procmux$823.
    dead port 2/2 on $mux $procmux$841.
Removed 13 multiplexer ports.
<suppressed ~66 debug messages>

4.7.4. Executing OPT_REDUCE pass (consolidate $*mux and $reduce_* inputs).
  Optimizing cells in module \apb_uart.
    New ctrl vector for $pmux cell $flatten\u_uart_rx.$procmux$583: { $flatten\u_uart_rx.$procmux$570_CMP $auto$opt_reduce.cc:137:opt_pmux$1178 }
    New ctrl vector for $pmux cell $procmux$826: { $procmux$831_CMP $auto$opt_reduce.cc:137:opt_pmux$1180 $procmux$824_CMP $eq$converted.v:372$198_Y $eq$converted.v:373$200_Y }
  Optimizing cells in module \apb_uart.
Performed a total of 2 changes.

4.7.5. Executing OPT_MERGE pass (detect identical cells).
Finding identical cells in module `\apb_uart'.
<suppressed ~3 debug messages>
Removed a total of 1 cells.

4.7.6. Executing OPT_DFF pass (perform DFF optimizations).
Setting constant 1-bit at position 0 on $flatten\u_rx_fifo.$procdff$1022 ($adff) from module apb_uart.
Setting constant 1-bit at position 1 on $flatten\u_rx_fifo.$procdff$1022 ($adff) from module apb_uart.
Setting constant 1-bit at position 2 on $flatten\u_rx_fifo.$procdff$1022 ($adff) from module apb_uart.
Setting constant 1-bit at position 3 on $flatten\u_rx_fifo.$procdff$1022 ($adff) from module apb_uart.

4.7.7. Executing OPT_CLEAN pass (remove unused cells and wires).
Finding unused cells or wires in module \apb_uart..
Removed 0 unused cells and 75 unused wires.
<suppressed ~1 debug messages>

4.7.8. Executing OPT_EXPR pass (perform const folding).
Optimizing module apb_uart.

4.7.9. Rerunning OPT passes. (Maybe there is more to do..)

4.7.10. Executing OPT_MUXTREE pass (detect dead branches in mux trees).
Running muxtree optimizer on module \apb_uart..
  Creating internal representation of mux trees.
  Evaluating internal representation of mux trees.
  Analyzing evaluation results.
Removed 0 multiplexer ports.
<suppressed ~66 debug messages>

4.7.11. Executing OPT_REDUCE pass (consolidate $*mux and $reduce_* inputs).
  Optimizing cells in module \apb_uart.
    New ctrl vector for $pmux cell $flatten\u_uart_tx.$procmux$746: { $flatten\u_uart_tx.$eq$converted.v:103$62_Y $auto$opt_reduce.cc:137:opt_pmux$1182 $flatten\u_uart_tx.$procmux$747_CMP }
  Optimizing cells in module \apb_uart.
Performed a total of 1 changes.

4.7.12. Executing OPT_MERGE pass (detect identical cells).
Finding identical cells in module `\apb_uart'.
Removed a total of 0 cells.

4.7.13. Executing OPT_DFF pass (perform DFF optimizations).

4.7.14. Executing OPT_CLEAN pass (remove unused cells and wires).
Finding unused cells or wires in module \apb_uart..

4.7.15. Executing OPT_EXPR pass (perform const folding).
Optimizing module apb_uart.

4.7.16. Rerunning OPT passes. (Maybe there is more to do..)

4.7.17. Executing OPT_MUXTREE pass (detect dead branches in mux trees).
Running muxtree optimizer on module \apb_uart..
  Creating internal representation of mux trees.
  Evaluating internal representation of mux trees.
  Analyzing evaluation results.
Removed 0 multiplexer ports.
<suppressed ~66 debug messages>

4.7.18. Executing OPT_REDUCE pass (consolidate $*mux and $reduce_* inputs).
  Optimizing cells in module \apb_uart.
Performed a total of 0 changes.

4.7.19. Executing OPT_MERGE pass (detect identical cells).
Finding identical cells in module `\apb_uart'.
Removed a total of 0 cells.

4.7.20. Executing OPT_DFF pass (perform DFF optimizations).

4.7.21. Executing OPT_CLEAN pass (remove unused cells and wires).
Finding unused cells or wires in module \apb_uart..

4.7.22. Executing OPT_EXPR pass (perform const folding).
Optimizing module apb_uart.

4.7.23. Finished OPT passes. (There is nothing left to do.)

4.8. Executing FSM pass (extract and optimize FSM).

4.8.1. Executing FSM_DETECT pass (finding FSMs in design).
Not marking apb_uart.u_uart_rx.state as FSM state register:
    Users of register don't seem to benefit from recoding.
Not marking apb_uart.u_uart_tx.state as FSM state register:
    Users of register don't seem to benefit from recoding.

4.8.2. Executing FSM_EXTRACT pass (extracting FSM from design).

4.8.3. Executing FSM_OPT pass (simple optimizations of FSMs).

4.8.4. Executing OPT_CLEAN pass (remove unused cells and wires).
Finding unused cells or wires in module \apb_uart..

4.8.5. Executing FSM_OPT pass (simple optimizations of FSMs).

4.8.6. Executing FSM_RECODE pass (re-assigning FSM state encoding).

4.8.7. Executing FSM_INFO pass (dumping all available information on FSM cells).

4.8.8. Executing FSM_MAP pass (mapping FSMs to basic logic).

4.9. Executing OPT pass (performing simple optimizations).

4.9.1. Executing OPT_EXPR pass (perform const folding).
Optimizing module apb_uart.

4.9.2. Executing OPT_MERGE pass (detect identical cells).
Finding identical cells in module `\apb_uart'.
Removed a total of 0 cells.

4.9.3. Executing OPT_MUXTREE pass (detect dead branches in mux trees).
Running muxtree optimizer on module \apb_uart..
  Creating internal representation of mux trees.
  Evaluating internal representation of mux trees.
  Analyzing evaluation results.
Removed 0 multiplexer ports.
<suppressed ~66 debug messages>

4.9.4. Executing OPT_REDUCE pass (consolidate $*mux and $reduce_* inputs).
  Optimizing cells in module \apb_uart.
Performed a total of 0 changes.

4.9.5. Executing OPT_MERGE pass (detect identical cells).
Finding identical cells in module `\apb_uart'.
Removed a total of 0 cells.

4.9.6. Executing OPT_DFF pass (perform DFF optimizations).
Adding EN signal on $procdff$1172 ($adff) from module apb_uart (D = 1'1, Q = \rx_framing_sticky).
Adding EN signal on $procdff$1167 ($adff) from module apb_uart (D = 1'1, Q = \rx_overflow_sticky).
Adding EN signal on $procdff$1162 ($adff) from module apb_uart (D = \PWDATA, Q = \scratch).
Adding EN signal on $procdff$1157 ($adff) from module apb_uart (D = \PWDATA [1], Q = \rx_enable).
Adding EN signal on $procdff$1152 ($adff) from module apb_uart (D = \PWDATA [0], Q = \tx_enable).
Adding EN signal on $procdff$1147 ($adff) from module apb_uart (D = \PWDATA [15:0], Q = \baud_div).
Adding EN signal on $procdff$1142 ($adff) from module apb_uart (D = $0\setup_seen[0:0], Q = \setup_seen).
Adding EN signal on $flatten\u_uart_tx.$procdff$1132 ($adff) from module apb_uart (D = $flatten\u_uart_tx.$0\bit_idx[2:0], Q = \u_uart_tx.bit_idx).
Adding EN signal on $flatten\u_uart_tx.$procdff$1127 ($adff) from module apb_uart (D = \u_uart_tx.fifo_data, Q = \u_uart_tx.frame_data).
Adding EN signal on $flatten\u_uart_tx.$procdff$1122 ($adff) from module apb_uart (D = \baud_div, Q = \u_uart_tx.frame_div).
Adding EN signal on $flatten\u_uart_tx.$procdff$1117 ($adff) from module apb_uart (D = $flatten\u_uart_tx.$0\ticks_left[15:0], Q = \u_uart_tx.ticks_left).
Adding EN signal on $flatten\u_uart_tx.$procdff$1112 ($adff) from module apb_uart (D = $flatten\u_uart_tx.$0\state[1:0], Q = \u_uart_tx.state).
Adding EN signal on $flatten\u_uart_tx.$procdff$1107 ($adff) from module apb_uart (D = $flatten\u_uart_tx.$0\tx[0:0], Q = \u_uart_tx.tx).
Adding EN signal on $flatten\u_uart_rx.$procdff$1092 ($adff) from module apb_uart (D = $flatten\u_uart_rx.$3$lookahead\shift_data$80[7:0]$91, Q = \u_uart_rx.shift_data).
Adding EN signal on $flatten\u_uart_rx.$procdff$1067 ($adff) from module apb_uart (D = \u_uart_rx.shift_data, Q = \u_uart_rx.data).
Adding EN signal on $flatten\u_uart_rx.$procdff$1057 ($adff) from module apb_uart (D = $flatten\u_uart_rx.$procmux$645_Y, Q = \u_uart_rx.bit_idx).
Adding EN signal on $flatten\u_uart_rx.$procdff$1052 ($adff) from module apb_uart (D = \baud_div, Q = \u_uart_rx.frame_div).
Adding EN signal on $flatten\u_uart_rx.$procdff$1047 ($adff) from module apb_uart (D = $flatten\u_uart_rx.$0\ticks_left[15:0], Q = \u_uart_rx.ticks_left).
Adding EN signal on $flatten\u_uart_rx.$procdff$1042 ($adff) from module apb_uart (D = $flatten\u_uart_rx.$0\state[1:0], Q = \u_uart_rx.state).
Adding EN signal on $flatten\u_tx_fifo.$procdff$997 ($dff) from module apb_uart (D = \PWDATA [7:0], Q = \u_tx_fifo.mem[15]).
Adding EN signal on $flatten\u_tx_fifo.$procdff$990 ($dff) from module apb_uart (D = \PWDATA [7:0], Q = \u_tx_fifo.mem[14]).
Adding EN signal on $flatten\u_tx_fifo.$procdff$983 ($dff) from module apb_uart (D = \PWDATA [7:0], Q = \u_tx_fifo.mem[13]).
Adding EN signal on $flatten\u_tx_fifo.$procdff$976 ($dff) from module apb_uart (D = \PWDATA [7:0], Q = \u_tx_fifo.mem[12]).
Adding EN signal on $flatten\u_tx_fifo.$procdff$969 ($dff) from module apb_uart (D = \PWDATA [7:0], Q = \u_tx_fifo.mem[11]).
Adding EN signal on $flatten\u_tx_fifo.$procdff$962 ($dff) from module apb_uart (D = \PWDATA [7:0], Q = \u_tx_fifo.mem[10]).
Adding EN signal on $flatten\u_tx_fifo.$procdff$955 ($dff) from module apb_uart (D = \PWDATA [7:0], Q = \u_tx_fifo.mem[9]).
Adding EN signal on $flatten\u_tx_fifo.$procdff$948 ($dff) from module apb_uart (D = \PWDATA [7:0], Q = \u_tx_fifo.mem[8]).
Adding EN signal on $flatten\u_tx_fifo.$procdff$941 ($dff) from module apb_uart (D = \PWDATA [7:0], Q = \u_tx_fifo.mem[7]).
Adding EN signal on $flatten\u_tx_fifo.$procdff$934 ($dff) from module apb_uart (D = \PWDATA [7:0], Q = \u_tx_fifo.mem[6]).
Adding EN signal on $flatten\u_tx_fifo.$procdff$927 ($dff) from module apb_uart (D = \PWDATA [7:0], Q = \u_tx_fifo.mem[5]).
Adding EN signal on $flatten\u_tx_fifo.$procdff$920 ($dff) from module apb_uart (D = \PWDATA [7:0], Q = \u_tx_fifo.mem[4]).
Adding EN signal on $flatten\u_tx_fifo.$procdff$913 ($dff) from module apb_uart (D = \PWDATA [7:0], Q = \u_tx_fifo.mem[3]).
Adding EN signal on $flatten\u_tx_fifo.$procdff$906 ($dff) from module apb_uart (D = \PWDATA [7:0], Q = \u_tx_fifo.mem[2]).
Adding EN signal on $flatten\u_tx_fifo.$procdff$899 ($dff) from module apb_uart (D = \PWDATA [7:0], Q = \u_tx_fifo.mem[1]).
Adding EN signal on $flatten\u_tx_fifo.$procdff$892 ($dff) from module apb_uart (D = \PWDATA [7:0], Q = \u_tx_fifo.mem[0]).
Adding EN signal on $flatten\u_tx_fifo.$procdff$885 ($adff) from module apb_uart (D = $flatten\u_tx_fifo.$0\count[4:0], Q = \u_tx_fifo.count).
Adding EN signal on $flatten\u_tx_fifo.$procdff$880 ($adff) from module apb_uart (D = $flatten\u_tx_fifo.$4\next_ptr$func$converted.v:69$210.$result[3:0]$259, Q = \u_tx_fifo.rd_ptr).
Adding EN signal on $flatten\u_tx_fifo.$procdff$875 ($adff) from module apb_uart (D = $flatten\u_tx_fifo.$4\next_ptr$func$converted.v:66$208.$result[3:0]$249, Q = \u_tx_fifo.wr_ptr).
Adding EN signal on $flatten\u_rx_fifo.$procdff$997 ($dff) from module apb_uart (D = \u_uart_rx.data, Q = \u_rx_fifo.mem[15]).
Adding EN signal on $flatten\u_rx_fifo.$procdff$990 ($dff) from module apb_uart (D = \u_uart_rx.data, Q = \u_rx_fifo.mem[14]).
Adding EN signal on $flatten\u_rx_fifo.$procdff$983 ($dff) from module apb_uart (D = \u_uart_rx.data, Q = \u_rx_fifo.mem[13]).
Adding EN signal on $flatten\u_rx_fifo.$procdff$976 ($dff) from module apb_uart (D = \u_uart_rx.data, Q = \u_rx_fifo.mem[12]).
Adding EN signal on $flatten\u_rx_fifo.$procdff$969 ($dff) from module apb_uart (D = \u_uart_rx.data, Q = \u_rx_fifo.mem[11]).
Adding EN signal on $flatten\u_rx_fifo.$procdff$962 ($dff) from module apb_uart (D = \u_uart_rx.data, Q = \u_rx_fifo.mem[10]).
Adding EN signal on $flatten\u_rx_fifo.$procdff$955 ($dff) from module apb_uart (D = \u_uart_rx.data, Q = \u_rx_fifo.mem[9]).
Adding EN signal on $flatten\u_rx_fifo.$procdff$948 ($dff) from module apb_uart (D = \u_uart_rx.data, Q = \u_rx_fifo.mem[8]).
Adding EN signal on $flatten\u_rx_fifo.$procdff$941 ($dff) from module apb_uart (D = \u_uart_rx.data, Q = \u_rx_fifo.mem[7]).
Adding EN signal on $flatten\u_rx_fifo.$procdff$934 ($dff) from module apb_uart (D = \u_uart_rx.data, Q = \u_rx_fifo.mem[6]).
Adding EN signal on $flatten\u_rx_fifo.$procdff$927 ($dff) from module apb_uart (D = \u_uart_rx.data, Q = \u_rx_fifo.mem[5]).
Adding EN signal on $flatten\u_rx_fifo.$procdff$920 ($dff) from module apb_uart (D = \u_uart_rx.data, Q = \u_rx_fifo.mem[4]).
Adding EN signal on $flatten\u_rx_fifo.$procdff$913 ($dff) from module apb_uart (D = \u_uart_rx.data, Q = \u_rx_fifo.mem[3]).
Adding EN signal on $flatten\u_rx_fifo.$procdff$906 ($dff) from module apb_uart (D = \u_uart_rx.data, Q = \u_rx_fifo.mem[2]).
Adding EN signal on $flatten\u_rx_fifo.$procdff$899 ($dff) from module apb_uart (D = \u_uart_rx.data, Q = \u_rx_fifo.mem[1]).
Adding EN signal on $flatten\u_rx_fifo.$procdff$892 ($dff) from module apb_uart (D = \u_uart_rx.data, Q = \u_rx_fifo.mem[0]).
Adding EN signal on $flatten\u_rx_fifo.$procdff$885 ($adff) from module apb_uart (D = $flatten\u_rx_fifo.$0\count[4:0], Q = \u_rx_fifo.count).
Adding EN signal on $flatten\u_rx_fifo.$procdff$880 ($adff) from module apb_uart (D = $flatten\u_rx_fifo.$4\next_ptr$func$converted.v:69$210.$result[3:0]$259, Q = \u_rx_fifo.rd_ptr).
Adding EN signal on $flatten\u_rx_fifo.$procdff$875 ($adff) from module apb_uart (D = $flatten\u_rx_fifo.$4\next_ptr$func$converted.v:66$208.$result[3:0]$249, Q = \u_rx_fifo.wr_ptr).

4.9.7. Executing OPT_CLEAN pass (remove unused cells and wires).
Finding unused cells or wires in module \apb_uart..
Removed 123 unused cells and 123 unused wires.
<suppressed ~124 debug messages>

4.9.8. Executing OPT_EXPR pass (perform const folding).
Optimizing module apb_uart.
<suppressed ~8 debug messages>

4.9.9. Rerunning OPT passes. (Maybe there is more to do..)

4.9.10. Executing OPT_MUXTREE pass (detect dead branches in mux trees).
Running muxtree optimizer on module \apb_uart..
  Creating internal representation of mux trees.
  Evaluating internal representation of mux trees.
  Analyzing evaluation results.
Removed 0 multiplexer ports.
<suppressed ~25 debug messages>

4.9.11. Executing OPT_REDUCE pass (consolidate $*mux and $reduce_* inputs).
  Optimizing cells in module \apb_uart.
    New ctrl vector for $pmux cell $flatten\u_uart_rx.$procmux$583: $flatten\u_uart_rx.$procmux$570_CMP
  Optimizing cells in module \apb_uart.
Performed a total of 1 changes.

4.9.12. Executing OPT_MERGE pass (detect identical cells).
Finding identical cells in module `\apb_uart'.
<suppressed ~36 debug messages>
Removed a total of 12 cells.

4.9.13. Executing OPT_DFF pass (perform DFF optimizations).

4.9.14. Executing OPT_CLEAN pass (remove unused cells and wires).
Finding unused cells or wires in module \apb_uart..
Removed 0 unused cells and 12 unused wires.
<suppressed ~1 debug messages>

4.9.15. Executing OPT_EXPR pass (perform const folding).
Optimizing module apb_uart.

4.9.16. Rerunning OPT passes. (Maybe there is more to do..)

4.9.17. Executing OPT_MUXTREE pass (detect dead branches in mux trees).
Running muxtree optimizer on module \apb_uart..
  Creating internal representation of mux trees.
  Evaluating internal representation of mux trees.
  Analyzing evaluation results.
Removed 0 multiplexer ports.
<suppressed ~25 debug messages>

4.9.18. Executing OPT_REDUCE pass (consolidate $*mux and $reduce_* inputs).
  Optimizing cells in module \apb_uart.
Performed a total of 0 changes.

4.9.19. Executing OPT_MERGE pass (detect identical cells).
Finding identical cells in module `\apb_uart'.
Removed a total of 0 cells.

4.9.20. Executing OPT_DFF pass (perform DFF optimizations).

4.9.21. Executing OPT_CLEAN pass (remove unused cells and wires).
Finding unused cells or wires in module \apb_uart..

4.9.22. Executing OPT_EXPR pass (perform const folding).
Optimizing module apb_uart.

4.9.23. Finished OPT passes. (There is nothing left to do.)

4.10. Executing WREDUCE pass (reducing word size of cells).
Removed top 13 bits (of 16) from port B of cell apb_uart.$lt$converted.v:358$176 ($lt).
Removed top 27 bits (of 32) from port B of cell apb_uart.$eq$converted.v:372$198 ($eq).
Removed top 27 bits (of 32) from port B of cell apb_uart.$eq$converted.v:373$200 ($eq).
Removed top 28 bits (of 32) from port B of cell apb_uart.$procmux$824_CMP0 ($eq).
Removed top 28 bits (of 32) from port B of cell apb_uart.$procmux$830_CMP0 ($eq).
Removed top 29 bits (of 32) from port B of cell apb_uart.$procmux$831_CMP0 ($eq).
Removed top 1 bits (of 2) from port B of cell apb_uart.$auto$opt_dff.cc:195:make_patterns_logic$1260 ($ne).
Removed top 3 bits (of 4) from port B of cell apb_uart.$flatten\u_rx_fifo.$procmux$536_CMP0 ($eq).
Removed top 2 bits (of 4) from port B of cell apb_uart.$flatten\u_rx_fifo.$procmux$517_CMP0 ($eq).
Removed top 2 bits (of 4) from port B of cell apb_uart.$flatten\u_rx_fifo.$procmux$499_CMP0 ($eq).
Removed top 1 bits (of 4) from port B of cell apb_uart.$flatten\u_rx_fifo.$procmux$482_CMP0 ($eq).
Removed top 1 bits (of 4) from port B of cell apb_uart.$flatten\u_rx_fifo.$procmux$466_CMP0 ($eq).
Removed top 1 bits (of 4) from port B of cell apb_uart.$flatten\u_rx_fifo.$procmux$451_CMP0 ($eq).
Removed top 1 bits (of 4) from port B of cell apb_uart.$flatten\u_rx_fifo.$procmux$437_CMP0 ($eq).
Removed top 1 bits (of 2) from port B of cell apb_uart.$flatten\u_rx_fifo.$procmux$285_CMP0 ($eq).
Removed top 3 bits (of 4) from port B of cell apb_uart.$flatten\u_rx_fifo.$procmux$281_CMP0 ($eq).
Removed top 2 bits (of 4) from port B of cell apb_uart.$flatten\u_rx_fifo.$procmux$280_CMP0 ($eq).
Removed top 2 bits (of 4) from port B of cell apb_uart.$flatten\u_rx_fifo.$procmux$279_CMP0 ($eq).
Removed top 1 bits (of 4) from port B of cell apb_uart.$flatten\u_rx_fifo.$procmux$278_CMP0 ($eq).
Removed top 1 bits (of 4) from port B of cell apb_uart.$flatten\u_rx_fifo.$procmux$277_CMP0 ($eq).
Removed top 1 bits (of 4) from port B of cell apb_uart.$flatten\u_rx_fifo.$procmux$276_CMP0 ($eq).
Removed top 1 bits (of 4) from port B of cell apb_uart.$flatten\u_rx_fifo.$procmux$275_CMP0 ($eq).
Removed top 1 bits (of 2) from port B of cell apb_uart.$auto$opt_dff.cc:195:make_patterns_logic$1212 ($ne).
Removed top 1 bits (of 2) from port B of cell apb_uart.$auto$opt_dff.cc:195:make_patterns_logic$1210 ($ne).
Removed top 2 bits (of 4) from port B of cell apb_uart.$auto$opt_dff.cc:195:make_patterns_logic$1199 ($ne).
Removed top 1 bits (of 2) from port B of cell apb_uart.$flatten\u_uart_rx.$procmux$586_CMP0 ($eq).
Converting cell apb_uart.$flatten\u_uart_rx.$neg$converted.v:0$101 ($neg) from signed to unsigned.
Removed top 1 bits (of 4) from port A of cell apb_uart.$flatten\u_uart_rx.$neg$converted.v:0$101 ($neg).
Removed top 15 bits (of 16) from port B of cell apb_uart.$flatten\u_uart_rx.$eq$converted.v:221$95 ($eq).
Removed top 1 bits (of 2) from port B of cell apb_uart.$auto$opt_dff.cc:195:make_patterns_logic$1236 ($ne).
Removed top 1 bits (of 2) from port B of cell apb_uart.$auto$opt_dff.cc:195:make_patterns_logic$1234 ($ne).
Removed top 1 bits (of 2) from port B of cell apb_uart.$flatten\u_uart_tx.$procmux$755_CMP0 ($eq).
Removed top 1 bits (of 2) from port B of cell apb_uart.$auto$opt_dff.cc:195:make_patterns_logic$1272 ($ne).
Removed top 2 bits (of 3) from port B of cell apb_uart.$flatten\u_uart_tx.$add$converted.v:143$73 ($add).
Removed top 15 bits (of 16) from port B of cell apb_uart.$flatten\u_uart_tx.$eq$converted.v:127$68 ($eq).
Removed top 1 bits (of 2) from port B of cell apb_uart.$auto$opt_dff.cc:195:make_patterns_logic$1270 ($ne).
Removed top 3 bits (of 4) from port B of cell apb_uart.$flatten\u_tx_fifo.$procmux$536_CMP0 ($eq).
Removed top 2 bits (of 4) from port B of cell apb_uart.$flatten\u_tx_fifo.$procmux$517_CMP0 ($eq).
Removed top 2 bits (of 4) from port B of cell apb_uart.$flatten\u_tx_fifo.$procmux$499_CMP0 ($eq).
Removed top 1 bits (of 4) from port B of cell apb_uart.$flatten\u_tx_fifo.$procmux$482_CMP0 ($eq).
Removed top 1 bits (of 4) from port B of cell apb_uart.$flatten\u_tx_fifo.$procmux$466_CMP0 ($eq).
Removed top 1 bits (of 4) from port B of cell apb_uart.$flatten\u_tx_fifo.$procmux$451_CMP0 ($eq).
Removed top 1 bits (of 4) from port B of cell apb_uart.$flatten\u_tx_fifo.$procmux$437_CMP0 ($eq).
Removed top 1 bits (of 2) from port B of cell apb_uart.$flatten\u_tx_fifo.$procmux$285_CMP0 ($eq).
Removed top 3 bits (of 4) from port B of cell apb_uart.$flatten\u_tx_fifo.$procmux$281_CMP0 ($eq).
Removed top 2 bits (of 4) from port B of cell apb_uart.$flatten\u_tx_fifo.$procmux$280_CMP0 ($eq).
Removed top 2 bits (of 4) from port B of cell apb_uart.$flatten\u_tx_fifo.$procmux$279_CMP0 ($eq).
Removed top 1 bits (of 4) from port B of cell apb_uart.$flatten\u_tx_fifo.$procmux$278_CMP0 ($eq).
Removed top 1 bits (of 4) from port B of cell apb_uart.$flatten\u_tx_fifo.$procmux$277_CMP0 ($eq).
Removed top 1 bits (of 4) from port B of cell apb_uart.$flatten\u_tx_fifo.$procmux$276_CMP0 ($eq).
Removed top 1 bits (of 4) from port B of cell apb_uart.$flatten\u_tx_fifo.$procmux$275_CMP0 ($eq).

4.11. Executing PEEPOPT pass (run peephole optimizers).

4.12. Executing OPT_CLEAN pass (remove unused cells and wires).
Finding unused cells or wires in module \apb_uart..

4.13. Executing ALUMACC pass (create $alu and $macc cells).
Extracting $alu and $macc cells in module apb_uart:
  creating $macc model for $flatten\u_rx_fifo.$add$converted.v:43$250 ($add).
  creating $macc model for $flatten\u_rx_fifo.$add$converted.v:43$260 ($add).
  creating $macc model for $flatten\u_rx_fifo.$add$converted.v:71$261 ($add).
  creating $macc model for $flatten\u_rx_fifo.$sub$converted.v:72$262 ($sub).
  creating $macc model for $flatten\u_tx_fifo.$add$converted.v:43$250 ($add).
  creating $macc model for $flatten\u_tx_fifo.$add$converted.v:43$260 ($add).
  creating $macc model for $flatten\u_tx_fifo.$add$converted.v:71$261 ($add).
  creating $macc model for $flatten\u_tx_fifo.$sub$converted.v:72$262 ($sub).
  creating $macc model for $flatten\u_uart_rx.$add$converted.v:239$109 ($add).
  creating $macc model for $flatten\u_uart_rx.$neg$converted.v:0$101 ($neg).
  creating $macc model for $flatten\u_uart_rx.$sub$converted.v:231$97 ($sub).
  creating $macc model for $flatten\u_uart_tx.$add$converted.v:142$72 ($add).
  creating $macc model for $flatten\u_uart_tx.$add$converted.v:143$73 ($add).
  creating $macc model for $flatten\u_uart_tx.$sub$converted.v:133$69 ($sub).
  creating $macc model for $sub$converted.v:343$166 ($sub).
  creating $alu model for $macc $sub$converted.v:343$166.
  creating $alu model for $macc $flatten\u_uart_tx.$sub$converted.v:133$69.
  creating $alu model for $macc $flatten\u_uart_tx.$add$converted.v:143$73.
  creating $alu model for $macc $flatten\u_uart_tx.$add$converted.v:142$72.
  creating $alu model for $macc $flatten\u_uart_rx.$sub$converted.v:231$97.
  creating $alu model for $macc $flatten\u_uart_rx.$neg$converted.v:0$101.
  creating $alu model for $macc $flatten\u_uart_rx.$add$converted.v:239$109.
  creating $alu model for $macc $flatten\u_tx_fifo.$sub$converted.v:72$262.
  creating $alu model for $macc $flatten\u_tx_fifo.$add$converted.v:71$261.
  creating $alu model for $macc $flatten\u_tx_fifo.$add$converted.v:43$260.
  creating $alu model for $macc $flatten\u_tx_fifo.$add$converted.v:43$250.
  creating $alu model for $macc $flatten\u_rx_fifo.$sub$converted.v:72$262.
  creating $alu model for $macc $flatten\u_rx_fifo.$add$converted.v:71$261.
  creating $alu model for $macc $flatten\u_rx_fifo.$add$converted.v:43$260.
  creating $alu model for $macc $flatten\u_rx_fifo.$add$converted.v:43$250.
  creating $alu model for $lt$converted.v:358$176 ($lt): new $alu
  creating $alu model for $flatten\u_uart_rx.$eq$converted.v:221$95 ($eq): merged with $flatten\u_uart_rx.$sub$converted.v:231$97.
  creating $alu model for $flatten\u_uart_tx.$eq$converted.v:127$68 ($eq): merged with $flatten\u_uart_tx.$sub$converted.v:133$69.
  creating $alu cell for $lt$converted.v:358$176: $auto$alumacc.cc:495:replace_alu$1417
  creating $alu cell for $flatten\u_rx_fifo.$add$converted.v:43$250: $auto$alumacc.cc:495:replace_alu$1422
  creating $alu cell for $flatten\u_rx_fifo.$add$converted.v:43$260: $auto$alumacc.cc:495:replace_alu$1425
  creating $alu cell for $flatten\u_rx_fifo.$add$converted.v:71$261: $auto$alumacc.cc:495:replace_alu$1428
  creating $alu cell for $flatten\u_rx_fifo.$sub$converted.v:72$262: $auto$alumacc.cc:495:replace_alu$1431
  creating $alu cell for $flatten\u_tx_fifo.$add$converted.v:43$250: $auto$alumacc.cc:495:replace_alu$1434
  creating $alu cell for $flatten\u_tx_fifo.$add$converted.v:43$260: $auto$alumacc.cc:495:replace_alu$1437
  creating $alu cell for $flatten\u_tx_fifo.$add$converted.v:71$261: $auto$alumacc.cc:495:replace_alu$1440
  creating $alu cell for $flatten\u_tx_fifo.$sub$converted.v:72$262: $auto$alumacc.cc:495:replace_alu$1443
  creating $alu cell for $flatten\u_uart_rx.$add$converted.v:239$109: $auto$alumacc.cc:495:replace_alu$1446
  creating $alu cell for $flatten\u_uart_rx.$neg$converted.v:0$101: $auto$alumacc.cc:495:replace_alu$1449
  creating $alu cell for $flatten\u_uart_rx.$sub$converted.v:231$97, $flatten\u_uart_rx.$eq$converted.v:221$95: $auto$alumacc.cc:495:replace_alu$1452
  creating $alu cell for $flatten\u_uart_tx.$add$converted.v:142$72: $auto$alumacc.cc:495:replace_alu$1457
  creating $alu cell for $flatten\u_uart_tx.$add$converted.v:143$73: $auto$alumacc.cc:495:replace_alu$1460
  creating $alu cell for $flatten\u_uart_tx.$sub$converted.v:133$69, $flatten\u_uart_tx.$eq$converted.v:127$68: $auto$alumacc.cc:495:replace_alu$1463
  creating $alu cell for $sub$converted.v:343$166: $auto$alumacc.cc:495:replace_alu$1468
  created 16 $alu and 0 $macc cells.

4.14. Executing SHARE pass (SAT-based resource sharing).

4.15. Executing OPT pass (performing simple optimizations).

4.15.1. Executing OPT_EXPR pass (perform const folding).
Optimizing module apb_uart.

4.15.2. Executing OPT_MERGE pass (detect identical cells).
Finding identical cells in module `\apb_uart'.
<suppressed ~5 debug messages>
Removed a total of 1 cells.

4.15.3. Executing OPT_MUXTREE pass (detect dead branches in mux trees).
Running muxtree optimizer on module \apb_uart..
  Creating internal representation of mux trees.
  Evaluating internal representation of mux trees.
  Analyzing evaluation results.
Removed 0 multiplexer ports.
<suppressed ~25 debug messages>

4.15.4. Executing OPT_REDUCE pass (consolidate $*mux and $reduce_* inputs).
  Optimizing cells in module \apb_uart.
    New input vector for $reduce_and cell $auto$opt_dff.cc:220:make_patterns_logic$1265: { \u_uart_rx.enable \u_uart_rx.rx_sync $flatten\u_uart_rx.$procmux$584_CMP $auto$alumacc.cc:511:replace_alu$1453 }
  Optimizing cells in module \apb_uart.
Performed a total of 1 changes.

4.15.5. Executing OPT_MERGE pass (detect identical cells).
Finding identical cells in module `\apb_uart'.
Removed a total of 0 cells.

4.15.6. Executing OPT_DFF pass (perform DFF optimizations).

4.15.7. Executing OPT_CLEAN pass (remove unused cells and wires).
Finding unused cells or wires in module \apb_uart..
Removed 0 unused cells and 6 unused wires.
<suppressed ~1 debug messages>

4.15.8. Executing OPT_EXPR pass (perform const folding).
Optimizing module apb_uart.

4.15.9. Rerunning OPT passes. (Maybe there is more to do..)

4.15.10. Executing OPT_MUXTREE pass (detect dead branches in mux trees).
Running muxtree optimizer on module \apb_uart..
  Creating internal representation of mux trees.
  Evaluating internal representation of mux trees.
  Analyzing evaluation results.
Removed 0 multiplexer ports.
<suppressed ~25 debug messages>

4.15.11. Executing OPT_REDUCE pass (consolidate $*mux and $reduce_* inputs).
  Optimizing cells in module \apb_uart.
Performed a total of 0 changes.

4.15.12. Executing OPT_MERGE pass (detect identical cells).
Finding identical cells in module `\apb_uart'.
Removed a total of 0 cells.

4.15.13. Executing OPT_DFF pass (perform DFF optimizations).

4.15.14. Executing OPT_CLEAN pass (remove unused cells and wires).
Finding unused cells or wires in module \apb_uart..

4.15.15. Executing OPT_EXPR pass (perform const folding).
Optimizing module apb_uart.

4.15.16. Finished OPT passes. (There is nothing left to do.)

4.16. Executing MEMORY pass.

4.16.1. Executing OPT_MEM pass (optimize memories).
Performed a total of 0 transformations.

4.16.2. Executing OPT_MEM_PRIORITY pass (removing unnecessary memory write priority relations).
Performed a total of 0 transformations.

4.16.3. Executing OPT_MEM_FEEDBACK pass (finding memory read-to-write feedback paths).

4.16.4. Executing MEMORY_BMUX2ROM pass (converting muxes to ROMs).

4.16.5. Executing MEMORY_DFF pass (merging $dff cells to $memrd).

4.16.6. Executing OPT_CLEAN pass (remove unused cells and wires).
Finding unused cells or wires in module \apb_uart..

4.16.7. Executing MEMORY_SHARE pass (consolidating $memrd/$memwr cells).

4.16.8. Executing OPT_MEM_WIDEN pass (optimize memories where all ports are wide).
Performed a total of 0 transformations.

4.16.9. Executing OPT_CLEAN pass (remove unused cells and wires).
Finding unused cells or wires in module \apb_uart..

4.16.10. Executing MEMORY_COLLECT pass (generating $mem cells).

4.17. Executing OPT_CLEAN pass (remove unused cells and wires).
Finding unused cells or wires in module \apb_uart..

4.18. Executing OPT pass (performing simple optimizations).

4.18.1. Executing OPT_EXPR pass (perform const folding).
Optimizing module apb_uart.
<suppressed ~65 debug messages>

4.18.2. Executing OPT_MERGE pass (detect identical cells).
Finding identical cells in module `\apb_uart'.
<suppressed ~3 debug messages>
Removed a total of 1 cells.

4.18.3. Executing OPT_DFF pass (perform DFF optimizations).

4.18.4. Executing OPT_CLEAN pass (remove unused cells and wires).
Finding unused cells or wires in module \apb_uart..
Removed 4 unused cells and 45 unused wires.
<suppressed ~5 debug messages>

4.18.5. Finished fast OPT passes.

4.19. Executing MEMORY_MAP pass (converting memories to logic and flip-flops).

4.20. Executing OPT pass (performing simple optimizations).

4.20.1. Executing OPT_EXPR pass (perform const folding).
Optimizing module apb_uart.
<suppressed ~1 debug messages>

4.20.2. Executing OPT_MERGE pass (detect identical cells).
Finding identical cells in module `\apb_uart'.
Removed a total of 0 cells.

4.20.3. Executing OPT_MUXTREE pass (detect dead branches in mux trees).
Running muxtree optimizer on module \apb_uart..
  Creating internal representation of mux trees.
  Evaluating internal representation of mux trees.
  Analyzing evaluation results.
Removed 0 multiplexer ports.
<suppressed ~20 debug messages>

4.20.4. Executing OPT_REDUCE pass (consolidate $*mux and $reduce_* inputs).
  Optimizing cells in module \apb_uart.
    Consolidated identical input bits for $mux cell $flatten\u_rx_fifo.$procmux$301:
      Old ports: A=2'00, B=2'11, Y=$flatten\u_rx_fifo.$3\next_ptr$func$converted.v:69$210._sv2v_jump[1:0]$255
      New ports: A=1'0, B=1'1, Y=$flatten\u_rx_fifo.$3\next_ptr$func$converted.v:69$210._sv2v_jump[1:0]$255 [0]
      New connections: $flatten\u_rx_fifo.$3\next_ptr$func$converted.v:69$210._sv2v_jump[1:0]$255 [1] = $flatten\u_rx_fifo.$3\next_ptr$func$converted.v:69$210._sv2v_jump[1:0]$255 [0]
    Consolidated identical input bits for $mux cell $flatten\u_rx_fifo.$procmux$334:
      Old ports: A=2'00, B=2'11, Y=$flatten\u_rx_fifo.$3\next_ptr$func$converted.v:66$208._sv2v_jump[1:0]$245
      New ports: A=1'0, B=1'1, Y=$flatten\u_rx_fifo.$3\next_ptr$func$converted.v:66$208._sv2v_jump[1:0]$245 [0]
      New connections: $flatten\u_rx_fifo.$3\next_ptr$func$converted.v:66$208._sv2v_jump[1:0]$245 [1] = $flatten\u_rx_fifo.$3\next_ptr$func$converted.v:66$208._sv2v_jump[1:0]$245 [0]
    Consolidated identical input bits for $mux cell $flatten\u_tx_fifo.$procmux$301:
      Old ports: A=2'00, B=2'11, Y=$flatten\u_tx_fifo.$3\next_ptr$func$converted.v:69$210._sv2v_jump[1:0]$255
      New ports: A=1'0, B=1'1, Y=$flatten\u_tx_fifo.$3\next_ptr$func$converted.v:69$210._sv2v_jump[1:0]$255 [0]
      New connections: $flatten\u_tx_fifo.$3\next_ptr$func$converted.v:69$210._sv2v_jump[1:0]$255 [1] = $flatten\u_tx_fifo.$3\next_ptr$func$converted.v:69$210._sv2v_jump[1:0]$255 [0]
    Consolidated identical input bits for $mux cell $flatten\u_tx_fifo.$procmux$334:
      Old ports: A=2'00, B=2'11, Y=$flatten\u_tx_fifo.$3\next_ptr$func$converted.v:66$208._sv2v_jump[1:0]$245
      New ports: A=1'0, B=1'1, Y=$flatten\u_tx_fifo.$3\next_ptr$func$converted.v:66$208._sv2v_jump[1:0]$245 [0]
      New connections: $flatten\u_tx_fifo.$3\next_ptr$func$converted.v:66$208._sv2v_jump[1:0]$245 [1] = $flatten\u_tx_fifo.$3\next_ptr$func$converted.v:66$208._sv2v_jump[1:0]$245 [0]
    New ctrl vector for $pmux cell $flatten\u_uart_rx.$procmux$645: $flatten\u_uart_rx.$procmux$570_CMP
    New ctrl vector for $pmux cell $flatten\u_uart_rx.$procmux$673: { $auto$opt_reduce.cc:137:opt_pmux$1476 $flatten\u_uart_rx.$procmux$584_CMP }
    Consolidated identical input bits for $mux cell $flatten\u_uart_rx.$procmux$706:
      Old ports: A=2'10, B=2'00, Y=$flatten\u_uart_rx.$procmux$706_Y
      New ports: A=1'1, B=1'0, Y=$flatten\u_uart_rx.$procmux$706_Y [1]
      New connections: $flatten\u_uart_rx.$procmux$706_Y [0] = 1'0
  Optimizing cells in module \apb_uart.
Performed a total of 7 changes.

4.20.5. Executing OPT_MERGE pass (detect identical cells).
Finding identical cells in module `\apb_uart'.
Removed a total of 0 cells.

4.20.6. Executing OPT_SHARE pass.
    Found cells that share an operand and can be merged by moving the $mux $flatten\u_rx_fifo.$procmux$284 in front of them:
        $auto$alumacc.cc:495:replace_alu$1431
        $auto$alumacc.cc:495:replace_alu$1428

    Found cells that share an operand and can be merged by moving the $mux $flatten\u_tx_fifo.$procmux$284 in front of them:
        $auto$alumacc.cc:495:replace_alu$1443
        $auto$alumacc.cc:495:replace_alu$1440

4.20.7. Executing OPT_DFF pass (perform DFF optimizations).

4.20.8. Executing OPT_CLEAN pass (remove unused cells and wires).
Finding unused cells or wires in module \apb_uart..
Removed 0 unused cells and 12 unused wires.
<suppressed ~1 debug messages>

4.20.9. Executing OPT_EXPR pass (perform const folding).
Optimizing module apb_uart.
<suppressed ~9 debug messages>

4.20.10. Rerunning OPT passes. (Maybe there is more to do..)

4.20.11. Executing OPT_MUXTREE pass (detect dead branches in mux trees).
Running muxtree optimizer on module \apb_uart..
  Creating internal representation of mux trees.
  Evaluating internal representation of mux trees.
  Analyzing evaluation results.
Removed 0 multiplexer ports.
<suppressed ~16 debug messages>

4.20.12. Executing OPT_REDUCE pass (consolidate $*mux and $reduce_* inputs).
  Optimizing cells in module \apb_uart.
    Consolidated identical input bits for $mux cell $auto$opt_share.cc:244:merge_operators$1480:
      Old ports: A=5'11111, B=5'00001, Y=$auto$rtlil.cc:2914:Mux$1481
      New ports: A=1'1, B=1'0, Y=$auto$rtlil.cc:2914:Mux$1481 [1]
      New connections: { $auto$rtlil.cc:2914:Mux$1481 [4:2] $auto$rtlil.cc:2914:Mux$1481 [0] } = { $auto$rtlil.cc:2914:Mux$1481 [1] $auto$rtlil.cc:2914:Mux$1481 [1] $auto$rtlil.cc:2914:Mux$1481 [1] 1'1 }
    Consolidated identical input bits for $mux cell $auto$opt_share.cc:244:merge_operators$1487:
      Old ports: A=5'11111, B=5'00001, Y=$auto$rtlil.cc:2914:Mux$1488
      New ports: A=1'1, B=1'0, Y=$auto$rtlil.cc:2914:Mux$1488 [1]
      New connections: { $auto$rtlil.cc:2914:Mux$1488 [4:2] $auto$rtlil.cc:2914:Mux$1488 [0] } = { $auto$rtlil.cc:2914:Mux$1488 [1] $auto$rtlil.cc:2914:Mux$1488 [1] $auto$rtlil.cc:2914:Mux$1488 [1] 1'1 }
  Optimizing cells in module \apb_uart.
Performed a total of 2 changes.

4.20.13. Executing OPT_MERGE pass (detect identical cells).
Finding identical cells in module `\apb_uart'.
<suppressed ~3 debug messages>
Removed a total of 1 cells.

4.20.14. Executing OPT_SHARE pass.

4.20.15. Executing OPT_DFF pass (perform DFF optimizations).

4.20.16. Executing OPT_CLEAN pass (remove unused cells and wires).
Finding unused cells or wires in module \apb_uart..
Removed 0 unused cells and 9 unused wires.
<suppressed ~1 debug messages>

4.20.17. Executing OPT_EXPR pass (perform const folding).
Optimizing module apb_uart.
<suppressed ~2 debug messages>

4.20.18. Rerunning OPT passes. (Maybe there is more to do..)

4.20.19. Executing OPT_MUXTREE pass (detect dead branches in mux trees).
Running muxtree optimizer on module \apb_uart..
  Creating internal representation of mux trees.
  Evaluating internal representation of mux trees.
  Analyzing evaluation results.
Removed 0 multiplexer ports.
<suppressed ~14 debug messages>

4.20.20. Executing OPT_REDUCE pass (consolidate $*mux and $reduce_* inputs).
  Optimizing cells in module \apb_uart.
Performed a total of 0 changes.

4.20.21. Executing OPT_MERGE pass (detect identical cells).
Finding identical cells in module `\apb_uart'.
Removed a total of 0 cells.

4.20.22. Executing OPT_SHARE pass.

4.20.23. Executing OPT_DFF pass (perform DFF optimizations).

4.20.24. Executing OPT_CLEAN pass (remove unused cells and wires).
Finding unused cells or wires in module \apb_uart..

4.20.25. Executing OPT_EXPR pass (perform const folding).
Optimizing module apb_uart.

4.20.26. Finished OPT passes. (There is nothing left to do.)

4.21. Executing TECHMAP pass (map to technology primitives).

4.21.1. Executing Verilog-2005 frontend: build/synthesis-tools/root/usr/bin/../share/yosys/techmap.v
Parsing Verilog input from `build/synthesis-tools/root/usr/bin/../share/yosys/techmap.v' to AST representation.
Generating RTLIL representation for module `\_90_simplemap_bool_ops'.
Generating RTLIL representation for module `\_90_simplemap_reduce_ops'.
Generating RTLIL representation for module `\_90_simplemap_logic_ops'.
Generating RTLIL representation for module `\_90_simplemap_compare_ops'.
Generating RTLIL representation for module `\_90_simplemap_various'.
Generating RTLIL representation for module `\_90_simplemap_registers'.
Generating RTLIL representation for module `\_90_shift_ops_shr_shl_sshl_sshr'.
Generating RTLIL representation for module `\_90_shift_shiftx'.
Generating RTLIL representation for module `\_90_fa'.
Generating RTLIL representation for module `\_90_lcu_brent_kung'.
Generating RTLIL representation for module `\_90_alu'.
Generating RTLIL representation for module `\_90_macc'.
Generating RTLIL representation for module `\_90_alumacc'.
Generating RTLIL representation for module `\$__div_mod_u'.
Generating RTLIL representation for module `\$__div_mod_trunc'.
Generating RTLIL representation for module `\_90_div'.
Generating RTLIL representation for module `\_90_mod'.
Generating RTLIL representation for module `\$__div_mod_floor'.
Generating RTLIL representation for module `\_90_divfloor'.
Generating RTLIL representation for module `\_90_modfloor'.
Generating RTLIL representation for module `\_90_pow'.
Generating RTLIL representation for module `\_90_pmux'.
Generating RTLIL representation for module `\_90_demux'.
Generating RTLIL representation for module `\_90_lut'.
Successfully finished Verilog frontend.

4.21.2. Continuing TECHMAP pass.
Using extmapper simplemap for cells of type $reduce_and.
Using extmapper simplemap for cells of type $logic_and.
Using extmapper simplemap for cells of type $not.
Using extmapper simplemap for cells of type $logic_or.
Using extmapper simplemap for cells of type $reduce_bool.
Using template $paramod$32a7b7b86c07519b7537abc18e96f0331f97914d\_90_alu for cells of type $alu.
Using extmapper simplemap for cells of type $logic_not.
Using extmapper simplemap for cells of type $eq.
Using extmapper simplemap for cells of type $and.
Using template $paramod$2407ada40cc3dda6c6015be2b49b748cddb5a800\_90_pmux for cells of type $pmux.
Using extmapper simplemap for cells of type $ne.
Using template $paramod$59b03ae2620a41577de8da5f5c97b2919e82362b\_90_pmux for cells of type $pmux.
Using extmapper simplemap for cells of type $reduce_or.
Using extmapper simplemap for cells of type $mux.
Using extmapper simplemap for cells of type $adff.
Using extmapper simplemap for cells of type $adffe.
Using extmapper simplemap for cells of type $dffe.
Using template $paramod$75a16668b548c3bac59647e2f0c7dad55b2b94b9\_90_pmux for cells of type $pmux.
Using template $paramod$b18e16801adf491a64caa0542270798e5d4ac6b6\_90_alu for cells of type $alu.
Using template $paramod$97565c3687be688407d1272a293bd9d0ae6852dc\_90_pmux for cells of type $pmux.
Using template $paramod$a1665ef28c749ebcdbe9aecd466e644647b56463\_90_alu for cells of type $alu.
Using template $paramod$0d149ffe75563ef6fcc1a3dddc59d00af28651a7\_90_pmux for cells of type $pmux.
Using template $paramod$025d767fc934a3e7d59a671de523743ebaa07759\_90_alu for cells of type $alu.
Using extmapper simplemap for cells of type $or.
Using template $paramod$constmap:9d7c541a436e2c9bb59914d3a53cc61c099f37b0$paramod$40ccfd5a7f1418017a9af25543d0c43a198b5946\_90_shift_shiftx for cells of type $shift.
Analyzing pattern of constant bits for this cell:
  Constant input on bit 0 of port A: 1'1
Creating constmapped module `$paramod$constmap:82d13b1faa4b21cb1487e5b4ddefba1164cb15a1$paramod$40ccfd5a7f1418017a9af25543d0c43a198b5946\_90_shift_shiftx'.

4.21.26. Executing OPT_MUXTREE pass (detect dead branches in mux trees).
Running muxtree optimizer on module $paramod$constmap:82d13b1faa4b21cb1487e5b4ddefba1164cb15a1$paramod$40ccfd5a7f1418017a9af25543d0c43a198b5946\_90_shift_shiftx..
  Creating internal representation of mux trees.
  Evaluating internal representation of mux trees.
  Analyzing evaluation results.
    dead port 2/2 on $mux $procmux$3333.
    dead port 2/2 on $mux $procmux$3327.
    dead port 2/2 on $mux $procmux$3321.
Removed 3 multiplexer ports.
<suppressed ~548 debug messages>

4.21.27. Executing OPT_EXPR pass (perform const folding).
Optimizing module $paramod$constmap:82d13b1faa4b21cb1487e5b4ddefba1164cb15a1$paramod$40ccfd5a7f1418017a9af25543d0c43a198b5946\_90_shift_shiftx.
<suppressed ~2 debug messages>
Removed 0 unused cells and 9 unused wires.
Using template $paramod$constmap:82d13b1faa4b21cb1487e5b4ddefba1164cb15a1$paramod$40ccfd5a7f1418017a9af25543d0c43a198b5946\_90_shift_shiftx for cells of type $shift.
Using template $paramod$3ef7d3dd227da7627a99c5e5a6a4deb817573e39\_90_alu for cells of type $alu.
Using template $paramod$1ed7ec530b1ba361931392f2f8504f82ccdfecaa\_90_alu for cells of type $alu.
Using template $paramod$d629d85c8826a74239b9178d1930215a43b0ceb0\_90_pmux for cells of type $pmux.
Using template $paramod$constmap:ee5af906ae0d3d414c6a0471604c553ef70c8e09$paramod$92adee9538f2381d8e5006822c900eb986d754e8\_90_shift_shiftx for cells of type $shiftx.
Using template $paramod$fc972a7a46956c1788f3cb5257b53c8f1df2d0cc\_90_alu for cells of type $alu.
Using extmapper simplemap for cells of type $pos.
Using template $paramod\_90_lcu_brent_kung\WIDTH=32'00000000000000000000000000000100 for cells of type $lcu.
Using extmapper simplemap for cells of type $xor.
Using template $paramod\_90_lcu_brent_kung\WIDTH=32'00000000000000000000000000000101 for cells of type $lcu.
Using template $paramod\_90_lcu_brent_kung\WIDTH=32'00000000000000000000000000010000 for cells of type $lcu.
Using template $paramod\_90_lcu_brent_kung\WIDTH=32'00000000000000000000000000000011 for cells of type $lcu.
Using template $paramod\_90_lcu_brent_kung\WIDTH=32'00000000000000000000000000001110 for cells of type $lcu.
Using template $paramod\_90_lcu_brent_kung\WIDTH=32'00000000000000000000000000000001 for cells of type $lcu.
No more expansions possible.
<suppressed ~1563 debug messages>

4.22. Executing OPT pass (performing simple optimizations).

4.22.1. Executing OPT_EXPR pass (perform const folding).
Optimizing module apb_uart.
<suppressed ~1240 debug messages>

4.22.2. Executing OPT_MERGE pass (detect identical cells).
Finding identical cells in module `\apb_uart'.
<suppressed ~1407 debug messages>
Removed a total of 469 cells.

4.22.3. Executing OPT_DFF pass (perform DFF optimizations).
Setting constant 0-bit at position 0 on $auto$ff.cc:266:slice$2232 ($_DFF_PN0_) from module apb_uart.

4.22.4. Executing OPT_CLEAN pass (remove unused cells and wires).
Finding unused cells or wires in module \apb_uart..
Removed 82 unused cells and 1474 unused wires.
<suppressed ~86 debug messages>

4.22.5. Rerunning OPT passes. (Removed registers in this run.)

4.22.6. Executing OPT_EXPR pass (perform const folding).
Optimizing module apb_uart.
<suppressed ~5 debug messages>

4.22.7. Executing OPT_MERGE pass (detect identical cells).
Finding identical cells in module `\apb_uart'.
Removed a total of 0 cells.

4.22.8. Executing OPT_DFF pass (perform DFF optimizations).

4.22.9. Executing OPT_CLEAN pass (remove unused cells and wires).
Finding unused cells or wires in module \apb_uart..
Removed 0 unused cells and 5 unused wires.
<suppressed ~1 debug messages>

4.22.10. Finished fast OPT passes.

4.23. Executing ABC pass (technology mapping using ABC).

4.23.1. Extracting gate netlist of module `\apb_uart' to `<abc-temp-dir>/input.blif'..
Extracted 1783 gates and 2281 wires to a netlist network with 496 inputs and 176 outputs.

4.23.1.1. Executing ABC.
Running ABC command: "<yosys-exe-dir>/yosys-abc" -s -f <abc-temp-dir>/abc.script 2>&1
ABC: ABC command line: "source <abc-temp-dir>/abc.script".
ABC: 
ABC: + read_blif <abc-temp-dir>/input.blif 
ABC: + read_library <abc-temp-dir>/stdcells.genlib 
ABC: + strash 
ABC: + dretime 
ABC: + map 
ABC: + write_blif <abc-temp-dir>/output.blif 

4.23.1.2. Re-integrating ABC results.
ABC RESULTS:               AND cells:      102
ABC RESULTS:            ANDNOT cells:      580
ABC RESULTS:               MUX cells:       90
ABC RESULTS:              NAND cells:       68
ABC RESULTS:               NOR cells:       84
ABC RESULTS:               NOT cells:       64
ABC RESULTS:                OR cells:      438
ABC RESULTS:             ORNOT cells:      114
ABC RESULTS:              XNOR cells:        9
ABC RESULTS:               XOR cells:       56
ABC RESULTS:        internal signals:     1609
ABC RESULTS:           input signals:      496
ABC RESULTS:          output signals:      176
Removing temp directory.

4.24. Executing OPT pass (performing simple optimizations).

4.24.1. Executing OPT_EXPR pass (perform const folding).
Optimizing module apb_uart.
<suppressed ~2 debug messages>

4.24.2. Executing OPT_MERGE pass (detect identical cells).
Finding identical cells in module `\apb_uart'.
<suppressed ~51 debug messages>
Removed a total of 17 cells.

4.24.3. Executing OPT_DFF pass (perform DFF optimizations).

4.24.4. Executing OPT_CLEAN pass (remove unused cells and wires).
Finding unused cells or wires in module \apb_uart..
Removed 1 unused cells and 1262 unused wires.
<suppressed ~30 debug messages>

4.24.5. Finished fast OPT passes.

4.25. Executing HIERARCHY pass (managing design hierarchy).
Attribute `top' found on module `apb_uart'. Setting top module to apb_uart.

4.25.1. Analyzing design hierarchy..
Top module:  \apb_uart

4.25.2. Analyzing design hierarchy..
Top module:  \apb_uart
Removed 0 unused modules.

4.26. Printing statistics.

=== apb_uart ===

   Number of wires:               1618
   Number of wire bits:           2184
   Number of public wires:         101
   Number of public wire bits:     643
   Number of ports:                 12
   Number of port bits:            105
   Number of memories:               0
   Number of memory bits:            0
   Number of processes:              0
   Number of cells:               2030
     $_ANDNOT_                     580
     $_AND_                        102
     $_DFFE_PN0N_                    2
     $_DFFE_PN0P_                  174
     $_DFFE_PN1P_                    2
     $_DFFE_PP_                    256
     $_DFF_PN0_                      2
     $_DFF_PN1_                      3
     $_MUX_                         90
     $_NAND_                        68
     $_NOR_                         67
     $_NOT_                         63
     $_ORNOT_                      114
     $_OR_                         438
     $_XNOR_                         9
     $_XOR_                         56
     $scopeinfo                      4

4.27. Executing CHECK pass (checking for obvious problems).
Checking module apb_uart...
Found and reported 0 problems.

5. Executing CHECK pass (checking for obvious problems).
Checking module apb_uart...
Found and reported 0 problems.
{
   "creator": "Yosys 0.52 (git sha1 fee39a3284c90249e1d9684cf6944ffbbcbb8f90)",
   "invocation": "stat -json -top apb_uart ",
   "modules": {
      "\\apb_uart": {
         "num_wires":         1618,
         "num_wire_bits":     2184,
         "num_pub_wires":     101,
         "num_pub_wire_bits": 643,
         "num_ports":         12,
         "num_port_bits":     105,
         "num_memories":      0,
         "num_memory_bits":   0,
         "num_processes":     0,
         "num_cells":         2026,
         "num_cells_by_type": {
            "$_ANDNOT_": 580,
            "$_AND_": 102,
            "$_DFFE_PN0N_": 2,
            "$_DFFE_PN0P_": 174,
            "$_DFFE_PN1P_": 2,
            "$_DFFE_PP_": 256,
            "$_DFF_PN0_": 2,
            "$_DFF_PN1_": 3,
            "$_MUX_": 90,
            "$_NAND_": 68,
            "$_NOR_": 67,
            "$_NOT_": 63,
            "$_ORNOT_": 114,
            "$_OR_": 438,
            "$_XNOR_": 9,
            "$_XOR_": 56
         }
      }
   },
      "design": {
         "num_wires":         1618,
         "num_wire_bits":     2184,
         "num_pub_wires":     101,
         "num_pub_wire_bits": 643,
         "num_ports":         12,
         "num_port_bits":     105,
         "num_memories":      0,
         "num_memory_bits":   0,
         "num_processes":     0,
         "num_cells":         2026,
         "num_cells_by_type": {
            "$_ANDNOT_": 580,
            "$_AND_": 102,
            "$_DFFE_PN0N_": 2,
            "$_DFFE_PN0P_": 174,
            "$_DFFE_PN1P_": 2,
            "$_DFFE_PP_": 256,
            "$_DFF_PN0_": 2,
            "$_DFF_PN1_": 3,
            "$_MUX_": 90,
            "$_NAND_": 68,
            "$_NOR_": 67,
            "$_NOT_": 63,
            "$_ORNOT_": 114,
            "$_OR_": 438,
            "$_XNOR_": 9,
            "$_XOR_": 56
         }
      }
}

6. Executing JSON backend.

7. Executing Verilog backend.

7.1. Executing BMUXMAP pass.

7.2. Executing DEMUXMAP pass.
Dumping module `\apb_uart'.
